Archive member included because of file (symbol)

f:/embeded/iti/avr/ec/eclipse/winavr/bin/../lib/gcc/avr/4.3.3/avr5\libgcc.a(_mulsi3.o)
                              ./LM35_program.o (__mulsi3)
f:/embeded/iti/avr/ec/eclipse/winavr/bin/../lib/gcc/avr/4.3.3/avr5\libgcc.a(_udivmodhi4.o)
                              ./LM35_program.o (__udivmodhi4)
f:/embeded/iti/avr/ec/eclipse/winavr/bin/../lib/gcc/avr/4.3.3/avr5\libgcc.a(_udivmodsi4.o)
                              ./LCD_PROGRAM.o (__udivmodsi4)
f:/embeded/iti/avr/ec/eclipse/winavr/bin/../lib/gcc/avr/4.3.3/avr5\libgcc.a(_exit.o)
                              f:/embeded/iti/avr/ec/eclipse/winavr/bin/../lib/gcc/avr/4.3.3/../../../../avr/lib/avr5/crtm16.o (exit)
f:/embeded/iti/avr/ec/eclipse/winavr/bin/../lib/gcc/avr/4.3.3/avr5\libgcc.a(_copy_data.o)
                              ./LCD_PROGRAM.o (__do_copy_data)
f:/embeded/iti/avr/ec/eclipse/winavr/bin/../lib/gcc/avr/4.3.3/avr5\libgcc.a(_clear_bss.o)
                              ./LCD_PROGRAM.o (__do_clear_bss)
f:/embeded/iti/avr/ec/eclipse/winavr/bin/../lib/gcc/avr/4.3.3/avr5\libgcc.a(_fixunssfsi.o)
                              ./LCD_PROGRAM.o (__fixunssfsi)
f:/embeded/iti/avr/ec/eclipse/winavr/bin/../lib/gcc/avr/4.3.3/avr5\libgcc.a(_addsub_sf.o)
                              f:/embeded/iti/avr/ec/eclipse/winavr/bin/../lib/gcc/avr/4.3.3/avr5\libgcc.a(_fixunssfsi.o) (__subsf3)
f:/embeded/iti/avr/ec/eclipse/winavr/bin/../lib/gcc/avr/4.3.3/avr5\libgcc.a(_mul_sf.o)
                              ./LCD_PROGRAM.o (__mulsf3)
f:/embeded/iti/avr/ec/eclipse/winavr/bin/../lib/gcc/avr/4.3.3/avr5\libgcc.a(_gt_sf.o)
                              ./LCD_PROGRAM.o (__gtsf2)
f:/embeded/iti/avr/ec/eclipse/winavr/bin/../lib/gcc/avr/4.3.3/avr5\libgcc.a(_ge_sf.o)
                              f:/embeded/iti/avr/ec/eclipse/winavr/bin/../lib/gcc/avr/4.3.3/avr5\libgcc.a(_fixunssfsi.o) (__gesf2)
f:/embeded/iti/avr/ec/eclipse/winavr/bin/../lib/gcc/avr/4.3.3/avr5\libgcc.a(_lt_sf.o)
                              ./LCD_PROGRAM.o (__ltsf2)
f:/embeded/iti/avr/ec/eclipse/winavr/bin/../lib/gcc/avr/4.3.3/avr5\libgcc.a(_sf_to_si.o)
                              f:/embeded/iti/avr/ec/eclipse/winavr/bin/../lib/gcc/avr/4.3.3/avr5\libgcc.a(_fixunssfsi.o) (__fixsfsi)
f:/embeded/iti/avr/ec/eclipse/winavr/bin/../lib/gcc/avr/4.3.3/avr5\libgcc.a(_thenan_sf.o)
                              f:/embeded/iti/avr/ec/eclipse/winavr/bin/../lib/gcc/avr/4.3.3/avr5\libgcc.a(_addsub_sf.o) (__thenan_sf)
f:/embeded/iti/avr/ec/eclipse/winavr/bin/../lib/gcc/avr/4.3.3/avr5\libgcc.a(_prologue.o)
                              f:/embeded/iti/avr/ec/eclipse/winavr/bin/../lib/gcc/avr/4.3.3/avr5\libgcc.a(_addsub_sf.o) (__prologue_saves__)
f:/embeded/iti/avr/ec/eclipse/winavr/bin/../lib/gcc/avr/4.3.3/avr5\libgcc.a(_epilogue.o)
                              f:/embeded/iti/avr/ec/eclipse/winavr/bin/../lib/gcc/avr/4.3.3/avr5\libgcc.a(_addsub_sf.o) (__epilogue_restores__)
f:/embeded/iti/avr/ec/eclipse/winavr/bin/../lib/gcc/avr/4.3.3/avr5\libgcc.a(_pack_sf.o)
                              f:/embeded/iti/avr/ec/eclipse/winavr/bin/../lib/gcc/avr/4.3.3/avr5\libgcc.a(_addsub_sf.o) (__pack_f)
f:/embeded/iti/avr/ec/eclipse/winavr/bin/../lib/gcc/avr/4.3.3/avr5\libgcc.a(_unpack_sf.o)
                              f:/embeded/iti/avr/ec/eclipse/winavr/bin/../lib/gcc/avr/4.3.3/avr5\libgcc.a(_addsub_sf.o) (__unpack_f)
f:/embeded/iti/avr/ec/eclipse/winavr/bin/../lib/gcc/avr/4.3.3/avr5\libgcc.a(_fpcmp_parts_sf.o)
                              f:/embeded/iti/avr/ec/eclipse/winavr/bin/../lib/gcc/avr/4.3.3/avr5\libgcc.a(_gt_sf.o) (__fpcmp_parts_f)

Memory Configuration

Name             Origin             Length             Attributes
text             0x00000000         0x00020000         xr
data             0x00800060         0x0000ffa0         rw !x
eeprom           0x00810000         0x00010000         rw !x
fuse             0x00820000         0x00000400         rw !x
lock             0x00830000         0x00000400         rw !x
signature        0x00840000         0x00000400         rw !x
*default*        0x00000000         0xffffffff

Linker script and memory map

LOAD f:/embeded/iti/avr/ec/eclipse/winavr/bin/../lib/gcc/avr/4.3.3/../../../../avr/lib/avr5/crtm16.o
LOAD ./ADC_program.o
LOAD ./DIO_program.o
LOAD ./GIE_program.o
LOAD ./LCD_PROGRAM.o
LOAD ./LM35_program.o
LOAD ./SPI_PROGRAM.o
LOAD ./TIMER_PROGRAM.o
LOAD ./TWI_program.o
LOAD ./main.o
LOAD ./option.o
LOAD f:/embeded/iti/avr/ec/eclipse/winavr/bin/../lib/gcc/avr/4.3.3/avr5\libgcc.a
LOAD f:/embeded/iti/avr/ec/eclipse/winavr/bin/../lib/gcc/avr/4.3.3/../../../../avr/lib/avr5\libc.a
LOAD f:/embeded/iti/avr/ec/eclipse/winavr/bin/../lib/gcc/avr/4.3.3/avr5\libgcc.a

.hash
 *(.hash)

.dynsym
 *(.dynsym)

.dynstr
 *(.dynstr)

.gnu.version
 *(.gnu.version)

.gnu.version_d
 *(.gnu.version_d)

.gnu.version_r
 *(.gnu.version_r)

.rel.init
 *(.rel.init)

.rela.init
 *(.rela.init)

.rel.text
 *(.rel.text)
 *(.rel.text.*)
 *(.rel.gnu.linkonce.t*)

.rela.text
 *(.rela.text)
 *(.rela.text.*)
 *(.rela.gnu.linkonce.t*)

.rel.fini
 *(.rel.fini)

.rela.fini
 *(.rela.fini)

.rel.rodata
 *(.rel.rodata)
 *(.rel.rodata.*)
 *(.rel.gnu.linkonce.r*)

.rela.rodata
 *(.rela.rodata)
 *(.rela.rodata.*)
 *(.rela.gnu.linkonce.r*)

.rel.data
 *(.rel.data)
 *(.rel.data.*)
 *(.rel.gnu.linkonce.d*)

.rela.data
 *(.rela.data)
 *(.rela.data.*)
 *(.rela.gnu.linkonce.d*)

.rel.ctors
 *(.rel.ctors)

.rela.ctors
 *(.rela.ctors)

.rel.dtors
 *(.rel.dtors)

.rela.dtors
 *(.rela.dtors)

.rel.got
 *(.rel.got)

.rela.got
 *(.rela.got)

.rel.bss
 *(.rel.bss)

.rela.bss
 *(.rela.bss)

.rel.plt
 *(.rel.plt)

.rela.plt
 *(.rela.plt)

.text           0x00000000     0x21e4
 *(.vectors)
 .vectors       0x00000000       0x54 f:/embeded/iti/avr/ec/eclipse/winavr/bin/../lib/gcc/avr/4.3.3/../../../../avr/lib/avr5/crtm16.o
                0x00000000                __vectors
                0x00000000                __vector_default
 *(.vectors)
 *(.progmem.gcc*)
 *(.progmem*)
                0x00000054                . = ALIGN (0x2)
                0x00000054                __trampolines_start = .
 *(.trampolines)
 .trampolines   0x00000054        0x0 linker stubs
 *(.trampolines*)
                0x00000054                __trampolines_end = .
 *(.jumptables)
 *(.jumptables*)
 *(.lowtext)
 *(.lowtext*)
                0x00000054                __ctors_start = .
 *(.ctors)
                0x00000054                __ctors_end = .
                0x00000054                __dtors_start = .
 *(.dtors)
                0x00000054                __dtors_end = .
 SORT(*)(.ctors)
 SORT(*)(.dtors)
 *(.init0)
 .init0         0x00000054        0x0 f:/embeded/iti/avr/ec/eclipse/winavr/bin/../lib/gcc/avr/4.3.3/../../../../avr/lib/avr5/crtm16.o
                0x00000054                __init
 *(.init0)
 *(.init1)
 *(.init1)
 *(.init2)
 .init2         0x00000054        0xc f:/embeded/iti/avr/ec/eclipse/winavr/bin/../lib/gcc/avr/4.3.3/../../../../avr/lib/avr5/crtm16.o
 *(.init2)
 *(.init3)
 *(.init3)
 *(.init4)
 .init4         0x00000060       0x16 f:/embeded/iti/avr/ec/eclipse/winavr/bin/../lib/gcc/avr/4.3.3/avr5\libgcc.a(_copy_data.o)
                0x00000060                __do_copy_data
 .init4         0x00000076       0x10 f:/embeded/iti/avr/ec/eclipse/winavr/bin/../lib/gcc/avr/4.3.3/avr5\libgcc.a(_clear_bss.o)
                0x00000076                __do_clear_bss
 *(.init4)
 *(.init5)
 *(.init5)
 *(.init6)
 *(.init6)
 *(.init7)
 *(.init7)
 *(.init8)
 *(.init8)
 *(.init9)
 .init9         0x00000086        0x8 f:/embeded/iti/avr/ec/eclipse/winavr/bin/../lib/gcc/avr/4.3.3/../../../../avr/lib/avr5/crtm16.o
 *(.init9)
 *(.text)
 .text          0x0000008e        0x4 f:/embeded/iti/avr/ec/eclipse/winavr/bin/../lib/gcc/avr/4.3.3/../../../../avr/lib/avr5/crtm16.o
                0x0000008e                __vector_1
                0x0000008e                __vector_12
                0x0000008e                __bad_interrupt
                0x0000008e                __vector_6
                0x0000008e                __vector_3
                0x0000008e                __vector_11
                0x0000008e                __vector_13
                0x0000008e                __vector_17
                0x0000008e                __vector_19
                0x0000008e                __vector_7
                0x0000008e                __vector_5
                0x0000008e                __vector_4
                0x0000008e                __vector_9
                0x0000008e                __vector_2
                0x0000008e                __vector_15
                0x0000008e                __vector_8
                0x0000008e                __vector_14
                0x0000008e                __vector_10
                0x0000008e                __vector_16
                0x0000008e                __vector_18
                0x0000008e                __vector_20
 .text          0x00000092        0x0 ./ADC_program.o
 .text          0x00000092        0x0 ./DIO_program.o
 .text          0x00000092        0x0 ./GIE_program.o
 .text          0x00000092        0x0 ./LCD_PROGRAM.o
 .text          0x00000092        0x0 ./LM35_program.o
 .text          0x00000092        0x0 ./SPI_PROGRAM.o
 .text          0x00000092        0x0 ./TIMER_PROGRAM.o
 .text          0x00000092        0x0 ./TWI_program.o
 .text          0x00000092        0x0 ./main.o
 .text          0x00000092        0x0 ./option.o
 .text          0x00000092        0x0 f:/embeded/iti/avr/ec/eclipse/winavr/bin/../lib/gcc/avr/4.3.3/avr5\libgcc.a(_mulsi3.o)
 .text          0x00000092        0x0 f:/embeded/iti/avr/ec/eclipse/winavr/bin/../lib/gcc/avr/4.3.3/avr5\libgcc.a(_udivmodhi4.o)
 .text          0x00000092        0x0 f:/embeded/iti/avr/ec/eclipse/winavr/bin/../lib/gcc/avr/4.3.3/avr5\libgcc.a(_udivmodsi4.o)
 .text          0x00000092        0x0 f:/embeded/iti/avr/ec/eclipse/winavr/bin/../lib/gcc/avr/4.3.3/avr5\libgcc.a(_exit.o)
 .text          0x00000092        0x0 f:/embeded/iti/avr/ec/eclipse/winavr/bin/../lib/gcc/avr/4.3.3/avr5\libgcc.a(_copy_data.o)
 .text          0x00000092        0x0 f:/embeded/iti/avr/ec/eclipse/winavr/bin/../lib/gcc/avr/4.3.3/avr5\libgcc.a(_clear_bss.o)
 .text          0x00000092       0x58 f:/embeded/iti/avr/ec/eclipse/winavr/bin/../lib/gcc/avr/4.3.3/avr5\libgcc.a(_fixunssfsi.o)
                0x00000092                __fixunssfsi
 .text          0x000000ea      0x354 f:/embeded/iti/avr/ec/eclipse/winavr/bin/../lib/gcc/avr/4.3.3/avr5\libgcc.a(_addsub_sf.o)
                0x00000382                __subsf3
                0x000003e4                __addsf3
 .text          0x0000043e      0x1f4 f:/embeded/iti/avr/ec/eclipse/winavr/bin/../lib/gcc/avr/4.3.3/avr5\libgcc.a(_mul_sf.o)
                0x0000043e                __mulsf3
 .text          0x00000632       0x60 f:/embeded/iti/avr/ec/eclipse/winavr/bin/../lib/gcc/avr/4.3.3/avr5\libgcc.a(_gt_sf.o)
                0x00000632                __gtsf2
 .text          0x00000692       0x60 f:/embeded/iti/avr/ec/eclipse/winavr/bin/../lib/gcc/avr/4.3.3/avr5\libgcc.a(_ge_sf.o)
                0x00000692                __gesf2
 .text          0x000006f2       0x60 f:/embeded/iti/avr/ec/eclipse/winavr/bin/../lib/gcc/avr/4.3.3/avr5\libgcc.a(_lt_sf.o)
                0x000006f2                __ltsf2
 .text          0x00000752       0xa8 f:/embeded/iti/avr/ec/eclipse/winavr/bin/../lib/gcc/avr/4.3.3/avr5\libgcc.a(_sf_to_si.o)
                0x00000752                __fixsfsi
 .text          0x000007fa        0x0 f:/embeded/iti/avr/ec/eclipse/winavr/bin/../lib/gcc/avr/4.3.3/avr5\libgcc.a(_thenan_sf.o)
 .text          0x000007fa        0x0 f:/embeded/iti/avr/ec/eclipse/winavr/bin/../lib/gcc/avr/4.3.3/avr5\libgcc.a(_prologue.o)
 .text          0x000007fa        0x0 f:/embeded/iti/avr/ec/eclipse/winavr/bin/../lib/gcc/avr/4.3.3/avr5\libgcc.a(_epilogue.o)
 .text          0x000007fa      0x1aa f:/embeded/iti/avr/ec/eclipse/winavr/bin/../lib/gcc/avr/4.3.3/avr5\libgcc.a(_pack_sf.o)
                0x000007fa                __pack_f
 .text          0x000009a4       0xf0 f:/embeded/iti/avr/ec/eclipse/winavr/bin/../lib/gcc/avr/4.3.3/avr5\libgcc.a(_unpack_sf.o)
                0x000009a4                __unpack_f
 .text          0x00000a94       0xb2 f:/embeded/iti/avr/ec/eclipse/winavr/bin/../lib/gcc/avr/4.3.3/avr5\libgcc.a(_fpcmp_parts_sf.o)
                0x00000a94                __fpcmp_parts_f
                0x00000b46                . = ALIGN (0x2)
 *(.text.*)
 .text.ADC_voidInit
                0x00000b46       0x62 ./ADC_program.o
                0x00000b46                ADC_voidInit
 .text.ADC_u8GetChannelReading
                0x00000ba8       0x6a ./ADC_program.o
                0x00000ba8                ADC_u8GetChannelReading
 .text.DIO_u8SetPortValue
                0x00000c12       0xa0 ./DIO_program.o
                0x00000c12                DIO_u8SetPortValue
 .text.DIO_u8SetPinValue
                0x00000cb2      0x228 ./DIO_program.o
                0x00000cb2                DIO_u8SetPinValue
 .text.DIO_u8SetPortDir
                0x00000eda       0xa0 ./DIO_program.o
                0x00000eda                DIO_u8SetPortDir
 .text.DIO_u8SetPinDir
                0x00000f7a      0x228 ./DIO_program.o
                0x00000f7a                DIO_u8SetPinDir
 .text.DIO_u8GetPortValue
                0x000011a2       0xb8 ./DIO_program.o
                0x000011a2                DIO_u8GetPortValue
 .text.DIO_u8GetPinValue
                0x0000125a      0x136 ./DIO_program.o
                0x0000125a                DIO_u8GetPinValue
 .text.GIE_voidEnable
                0x00001390       0x1c ./GIE_program.o
                0x00001390                GIE_voidEnable
 .text.GIE_voidDisable
                0x000013ac       0x1c ./GIE_program.o
                0x000013ac                GIE_voidDisable
 .text.LCD_voidSendCommand
                0x000013c8      0x162 ./LCD_PROGRAM.o
                0x000013c8                LCD_voidSendCommand
 .text.LCD_voidInit
                0x0000152a      0x11c ./LCD_PROGRAM.o
                0x0000152a                LCD_voidInit
 .text.LCD_voidSendData
                0x00001646      0x13c ./LCD_PROGRAM.o
                0x00001646                LCD_voidSendData
 .text.LCD_voidSendString
                0x00001782       0x52 ./LCD_PROGRAM.o
                0x00001782                LCD_voidSendString
 .text.LCD_voidGoToXY
                0x000017d4       0x3c ./LCD_PROGRAM.o
                0x000017d4                LCD_voidGoToXY
 .text.LCD_voidWriteNumber
                0x00001810       0xe6 ./LCD_PROGRAM.o
                0x00001810                LCD_voidWriteNumber
 .text.LCD_voidClearScreen
                0x000018f6       0x14 ./LCD_PROGRAM.o
                0x000018f6                LCD_voidClearScreen
 .text.TEMP_u8Read
                0x0000190a       0x72 ./LM35_program.o
                0x0000190a                TEMP_u8Read
 .text.SPI_voidINITMaster
                0x0000197c       0x86 ./SPI_PROGRAM.o
                0x0000197c                SPI_voidINITMaster
 .text.SPI_voidINITSlave
                0x00001a02       0x5c ./SPI_PROGRAM.o
                0x00001a02                SPI_voidINITSlave
 .text.SPI_u8Transceive
                0x00001a5e       0x2c ./SPI_PROGRAM.o
                0x00001a5e                SPI_u8Transceive
 .text.spi_transmit
                0x00001a8a       0x26 ./SPI_PROGRAM.o
                0x00001a8a                spi_transmit
 .text.spi_receive
                0x00001ab0       0x1e ./SPI_PROGRAM.o
                0x00001ab0                spi_receive
 .text.TIMER0_voidOfInit
                0x00001ace       0x62 ./TIMER_PROGRAM.o
                0x00001ace                TIMER0_voidOfInit
 .text.TIMER0_voidCtcInit
                0x00001b30       0x62 ./TIMER_PROGRAM.o
                0x00001b30                TIMER0_voidCtcInit
 .text.TIMER0_voidPWMFastInit
                0x00001b92       0x70 ./TIMER_PROGRAM.o
                0x00001b92                TIMER0_voidPWMFastInit
 .text.TIMER0_voidCtcValue
                0x00001c02       0x1c ./TIMER_PROGRAM.o
                0x00001c02                TIMER0_voidCtcValue
 .text.TIMER0_voidPreLoadValue
                0x00001c1e       0x1c ./TIMER_PROGRAM.o
                0x00001c1e                TIMER0_voidPreLoadValue
 .text.TWI_voidMasterInit
                0x00001c3a       0x3a ./TWI_program.o
                0x00001c3a                TWI_voidMasterInit
 .text.TWI_voidStartCondition
                0x00001c74       0x20 ./TWI_program.o
                0x00001c74                TWI_voidStartCondition
 .text.TWI_voidStopCondition
                0x00001c94       0x16 ./TWI_program.o
                0x00001c94                TWI_voidStopCondition
 .text.TWI_voidSendData
                0x00001caa       0x2e ./TWI_program.o
                0x00001caa                TWI_voidSendData
 .text.TWI_u8ReceiveData
                0x00001cd8       0x26 ./TWI_program.o
                0x00001cd8                TWI_u8ReceiveData
 .text.main     0x00001cfe      0x1a2 ./main.o
                0x00001cfe                main
 .text.LED      0x00001ea0       0x92 ./option.o
                0x00001ea0                LED
 .text.TV       0x00001f32       0x92 ./option.o
                0x00001f32                TV
 .text.AC       0x00001fc4       0x92 ./option.o
                0x00001fc4                AC
 .text.ROOM     0x00002056       0x4a ./option.o
                0x00002056                ROOM
 .text.LM35     0x000020a0       0x28 ./option.o
                0x000020a0                LM35
 .text.libgcc   0x000020c8       0x3e f:/embeded/iti/avr/ec/eclipse/winavr/bin/../lib/gcc/avr/4.3.3/avr5\libgcc.a(_mulsi3.o)
                0x000020c8                __mulsi3
 .text.libgcc   0x00002106       0x28 f:/embeded/iti/avr/ec/eclipse/winavr/bin/../lib/gcc/avr/4.3.3/avr5\libgcc.a(_udivmodhi4.o)
                0x00002106                __udivmodhi4
 .text.libgcc   0x0000212e       0x44 f:/embeded/iti/avr/ec/eclipse/winavr/bin/../lib/gcc/avr/4.3.3/avr5\libgcc.a(_udivmodsi4.o)
                0x0000212e                __udivmodsi4
 .text.libgcc   0x00002172        0x0 f:/embeded/iti/avr/ec/eclipse/winavr/bin/../lib/gcc/avr/4.3.3/avr5\libgcc.a(_exit.o)
 .text.libgcc   0x00002172        0x0 f:/embeded/iti/avr/ec/eclipse/winavr/bin/../lib/gcc/avr/4.3.3/avr5\libgcc.a(_copy_data.o)
 .text.libgcc   0x00002172        0x0 f:/embeded/iti/avr/ec/eclipse/winavr/bin/../lib/gcc/avr/4.3.3/avr5\libgcc.a(_clear_bss.o)
 .text.libgcc   0x00002172       0x38 f:/embeded/iti/avr/ec/eclipse/winavr/bin/../lib/gcc/avr/4.3.3/avr5\libgcc.a(_prologue.o)
                0x00002172                __prologue_saves__
 .text.libgcc   0x000021aa       0x36 f:/embeded/iti/avr/ec/eclipse/winavr/bin/../lib/gcc/avr/4.3.3/avr5\libgcc.a(_epilogue.o)
                0x000021aa                __epilogue_restores__
                0x000021e0                . = ALIGN (0x2)
 *(.fini9)
 .fini9         0x000021e0        0x0 f:/embeded/iti/avr/ec/eclipse/winavr/bin/../lib/gcc/avr/4.3.3/avr5\libgcc.a(_exit.o)
                0x000021e0                exit
                0x000021e0                _exit
 *(.fini9)
 *(.fini8)
 *(.fini8)
 *(.fini7)
 *(.fini7)
 *(.fini6)
 *(.fini6)
 *(.fini5)
 *(.fini5)
 *(.fini4)
 *(.fini4)
 *(.fini3)
 *(.fini3)
 *(.fini2)
 *(.fini2)
 *(.fini1)
 *(.fini1)
 *(.fini0)
 .fini0         0x000021e0        0x4 f:/embeded/iti/avr/ec/eclipse/winavr/bin/../lib/gcc/avr/4.3.3/avr5\libgcc.a(_exit.o)
 *(.fini0)
                0x000021e4                _etext = .

.data           0x00800060       0x30 load address 0x000021e4
                0x00800060                PROVIDE (__data_start, .)
 *(.data)
 .data          0x00800060        0x0 f:/embeded/iti/avr/ec/eclipse/winavr/bin/../lib/gcc/avr/4.3.3/../../../../avr/lib/avr5/crtm16.o
 .data          0x00800060        0x0 ./ADC_program.o
 .data          0x00800060        0x0 ./DIO_program.o
 .data          0x00800060        0x0 ./GIE_program.o
 .data          0x00800060        0x0 ./LCD_PROGRAM.o
 .data          0x00800060        0x0 ./LM35_program.o
 .data          0x00800060        0x0 ./SPI_PROGRAM.o
 .data          0x00800060        0x0 ./TIMER_PROGRAM.o
 .data          0x00800060        0x0 ./TWI_program.o
 .data          0x00800060       0x1e ./main.o
 .data          0x0080007e        0x0 ./option.o
 .data          0x0080007e        0x0 f:/embeded/iti/avr/ec/eclipse/winavr/bin/../lib/gcc/avr/4.3.3/avr5\libgcc.a(_mulsi3.o)
 .data          0x0080007e        0x0 f:/embeded/iti/avr/ec/eclipse/winavr/bin/../lib/gcc/avr/4.3.3/avr5\libgcc.a(_udivmodhi4.o)
 .data          0x0080007e        0x0 f:/embeded/iti/avr/ec/eclipse/winavr/bin/../lib/gcc/avr/4.3.3/avr5\libgcc.a(_udivmodsi4.o)
 .data          0x0080007e        0x0 f:/embeded/iti/avr/ec/eclipse/winavr/bin/../lib/gcc/avr/4.3.3/avr5\libgcc.a(_exit.o)
 .data          0x0080007e        0x0 f:/embeded/iti/avr/ec/eclipse/winavr/bin/../lib/gcc/avr/4.3.3/avr5\libgcc.a(_copy_data.o)
 .data          0x0080007e        0x0 f:/embeded/iti/avr/ec/eclipse/winavr/bin/../lib/gcc/avr/4.3.3/avr5\libgcc.a(_clear_bss.o)
 .data          0x0080007e        0x0 f:/embeded/iti/avr/ec/eclipse/winavr/bin/../lib/gcc/avr/4.3.3/avr5\libgcc.a(_fixunssfsi.o)
 .data          0x0080007e        0x0 f:/embeded/iti/avr/ec/eclipse/winavr/bin/../lib/gcc/avr/4.3.3/avr5\libgcc.a(_addsub_sf.o)
 .data          0x0080007e        0x0 f:/embeded/iti/avr/ec/eclipse/winavr/bin/../lib/gcc/avr/4.3.3/avr5\libgcc.a(_mul_sf.o)
 .data          0x0080007e        0x0 f:/embeded/iti/avr/ec/eclipse/winavr/bin/../lib/gcc/avr/4.3.3/avr5\libgcc.a(_gt_sf.o)
 .data          0x0080007e        0x0 f:/embeded/iti/avr/ec/eclipse/winavr/bin/../lib/gcc/avr/4.3.3/avr5\libgcc.a(_ge_sf.o)
 .data          0x0080007e        0x0 f:/embeded/iti/avr/ec/eclipse/winavr/bin/../lib/gcc/avr/4.3.3/avr5\libgcc.a(_lt_sf.o)
 .data          0x0080007e        0x0 f:/embeded/iti/avr/ec/eclipse/winavr/bin/../lib/gcc/avr/4.3.3/avr5\libgcc.a(_sf_to_si.o)
 .data          0x0080007e        0x8 f:/embeded/iti/avr/ec/eclipse/winavr/bin/../lib/gcc/avr/4.3.3/avr5\libgcc.a(_thenan_sf.o)
                0x0080007e                __thenan_sf
 .data          0x00800086        0x0 f:/embeded/iti/avr/ec/eclipse/winavr/bin/../lib/gcc/avr/4.3.3/avr5\libgcc.a(_prologue.o)
 .data          0x00800086        0x0 f:/embeded/iti/avr/ec/eclipse/winavr/bin/../lib/gcc/avr/4.3.3/avr5\libgcc.a(_epilogue.o)
 .data          0x00800086        0x0 f:/embeded/iti/avr/ec/eclipse/winavr/bin/../lib/gcc/avr/4.3.3/avr5\libgcc.a(_pack_sf.o)
 .data          0x00800086        0x0 f:/embeded/iti/avr/ec/eclipse/winavr/bin/../lib/gcc/avr/4.3.3/avr5\libgcc.a(_unpack_sf.o)
 .data          0x00800086        0x0 f:/embeded/iti/avr/ec/eclipse/winavr/bin/../lib/gcc/avr/4.3.3/avr5\libgcc.a(_fpcmp_parts_sf.o)
 *(.data*)
 .data.Local_ArrayOfChar.1361
                0x00800086        0xa ./LCD_PROGRAM.o
 *(.rodata)
 *(.rodata*)
 *(.gnu.linkonce.d*)
                0x00800090                . = ALIGN (0x2)
                0x00800090                _edata = .
                0x00800090                PROVIDE (__data_end, .)

.bss            0x00800090        0xa
                0x00800090                PROVIDE (__bss_start, .)
 *(.bss)
 .bss           0x00800090        0x0 f:/embeded/iti/avr/ec/eclipse/winavr/bin/../lib/gcc/avr/4.3.3/../../../../avr/lib/avr5/crtm16.o
 .bss           0x00800090        0x0 ./ADC_program.o
 .bss           0x00800090        0x0 ./DIO_program.o
 .bss           0x00800090        0x0 ./GIE_program.o
 .bss           0x00800090        0x0 ./LCD_PROGRAM.o
 .bss           0x00800090        0x0 ./LM35_program.o
 .bss           0x00800090        0x0 ./SPI_PROGRAM.o
 .bss           0x00800090        0x0 ./TIMER_PROGRAM.o
 .bss           0x00800090        0x0 ./TWI_program.o
 .bss           0x00800090        0x0 ./main.o
 .bss           0x00800090        0x0 ./option.o
 .bss           0x00800090        0x0 f:/embeded/iti/avr/ec/eclipse/winavr/bin/../lib/gcc/avr/4.3.3/avr5\libgcc.a(_mulsi3.o)
 .bss           0x00800090        0x0 f:/embeded/iti/avr/ec/eclipse/winavr/bin/../lib/gcc/avr/4.3.3/avr5\libgcc.a(_udivmodhi4.o)
 .bss           0x00800090        0x0 f:/embeded/iti/avr/ec/eclipse/winavr/bin/../lib/gcc/avr/4.3.3/avr5\libgcc.a(_udivmodsi4.o)
 .bss           0x00800090        0x0 f:/embeded/iti/avr/ec/eclipse/winavr/bin/../lib/gcc/avr/4.3.3/avr5\libgcc.a(_exit.o)
 .bss           0x00800090        0x0 f:/embeded/iti/avr/ec/eclipse/winavr/bin/../lib/gcc/avr/4.3.3/avr5\libgcc.a(_copy_data.o)
 .bss           0x00800090        0x0 f:/embeded/iti/avr/ec/eclipse/winavr/bin/../lib/gcc/avr/4.3.3/avr5\libgcc.a(_clear_bss.o)
 .bss           0x00800090        0x0 f:/embeded/iti/avr/ec/eclipse/winavr/bin/../lib/gcc/avr/4.3.3/avr5\libgcc.a(_fixunssfsi.o)
 .bss           0x00800090        0x0 f:/embeded/iti/avr/ec/eclipse/winavr/bin/../lib/gcc/avr/4.3.3/avr5\libgcc.a(_addsub_sf.o)
 .bss           0x00800090        0x0 f:/embeded/iti/avr/ec/eclipse/winavr/bin/../lib/gcc/avr/4.3.3/avr5\libgcc.a(_mul_sf.o)
 .bss           0x00800090        0x0 f:/embeded/iti/avr/ec/eclipse/winavr/bin/../lib/gcc/avr/4.3.3/avr5\libgcc.a(_gt_sf.o)
 .bss           0x00800090        0x0 f:/embeded/iti/avr/ec/eclipse/winavr/bin/../lib/gcc/avr/4.3.3/avr5\libgcc.a(_ge_sf.o)
 .bss           0x00800090        0x0 f:/embeded/iti/avr/ec/eclipse/winavr/bin/../lib/gcc/avr/4.3.3/avr5\libgcc.a(_lt_sf.o)
 .bss           0x00800090        0x0 f:/embeded/iti/avr/ec/eclipse/winavr/bin/../lib/gcc/avr/4.3.3/avr5\libgcc.a(_sf_to_si.o)
 .bss           0x00800090        0x0 f:/embeded/iti/avr/ec/eclipse/winavr/bin/../lib/gcc/avr/4.3.3/avr5\libgcc.a(_thenan_sf.o)
 .bss           0x00800090        0x0 f:/embeded/iti/avr/ec/eclipse/winavr/bin/../lib/gcc/avr/4.3.3/avr5\libgcc.a(_prologue.o)
 .bss           0x00800090        0x0 f:/embeded/iti/avr/ec/eclipse/winavr/bin/../lib/gcc/avr/4.3.3/avr5\libgcc.a(_epilogue.o)
 .bss           0x00800090        0x0 f:/embeded/iti/avr/ec/eclipse/winavr/bin/../lib/gcc/avr/4.3.3/avr5\libgcc.a(_pack_sf.o)
 .bss           0x00800090        0x0 f:/embeded/iti/avr/ec/eclipse/winavr/bin/../lib/gcc/avr/4.3.3/avr5\libgcc.a(_unpack_sf.o)
 .bss           0x00800090        0x0 f:/embeded/iti/avr/ec/eclipse/winavr/bin/../lib/gcc/avr/4.3.3/avr5\libgcc.a(_fpcmp_parts_sf.o)
 *(.bss*)
 .bss.Local_ArrayOfDigits.1362
                0x00800090        0xa ./LCD_PROGRAM.o
 *(COMMON)
                0x0080009a                PROVIDE (__bss_end, .)
                0x000021e4                __data_load_start = LOADADDR (.data)
                0x00002214                __data_load_end = (__data_load_start + SIZEOF (.data))

.noinit         0x0080009a        0x0
                0x0080009a                PROVIDE (__noinit_start, .)
 *(.noinit*)
                0x0080009a                PROVIDE (__noinit_end, .)
                0x0080009a                _end = .
                0x0080009a                PROVIDE (__heap_start, .)

.eeprom         0x00810000        0x0
 *(.eeprom*)
                0x00810000                __eeprom_end = .

.fuse
 *(.fuse)
 *(.lfuse)
 *(.hfuse)
 *(.efuse)

.lock
 *(.lock*)

.signature
 *(.signature*)

.stab           0x00000000     0x2574
 *(.stab)
 .stab          0x00000000      0x240 ./ADC_program.o
 .stab          0x00000240      0x918 ./DIO_program.o
                                0x990 (size before relaxing)
 .stab          0x00000b58      0x144 ./GIE_program.o
                                0x1bc (size before relaxing)
 .stab          0x00000c9c      0x6fc ./LCD_PROGRAM.o
                                0x8f4 (size before relaxing)
 .stab          0x00001398      0x180 ./LM35_program.o
                                0x1f8 (size before relaxing)
 .stab          0x00001518      0x324 ./SPI_PROGRAM.o
                                0x54c (size before relaxing)
 .stab          0x0000183c      0x2e8 ./TIMER_PROGRAM.o
                                0x510 (size before relaxing)
 .stab          0x00001b24      0x27c ./TWI_program.o
                                0x4a4 (size before relaxing)
 .stab          0x00001da0      0x354 ./main.o
                                0x588 (size before relaxing)
 .stab          0x000020f4      0x480 ./option.o
                                0x4f8 (size before relaxing)

.stabstr        0x00000000      0xf8e
 *(.stabstr)
 .stabstr       0x00000000      0xf8e ./ADC_program.o

.stab.excl
 *(.stab.excl)

.stab.exclstr
 *(.stab.exclstr)

.stab.index
 *(.stab.index)

.stab.indexstr
 *(.stab.indexstr)

.comment
 *(.comment)

.debug
 *(.debug)

.line
 *(.line)

.debug_srcinfo
 *(.debug_srcinfo)

.debug_sfnames
 *(.debug_sfnames)

.debug_aranges  0x00000000      0x140
 *(.debug_aranges)
 .debug_aranges
                0x00000000       0x20 f:/embeded/iti/avr/ec/eclipse/winavr/bin/../lib/gcc/avr/4.3.3/avr5\libgcc.a(_fixunssfsi.o)
 .debug_aranges
                0x00000020       0x20 f:/embeded/iti/avr/ec/eclipse/winavr/bin/../lib/gcc/avr/4.3.3/avr5\libgcc.a(_addsub_sf.o)
 .debug_aranges
                0x00000040       0x20 f:/embeded/iti/avr/ec/eclipse/winavr/bin/../lib/gcc/avr/4.3.3/avr5\libgcc.a(_mul_sf.o)
 .debug_aranges
                0x00000060       0x20 f:/embeded/iti/avr/ec/eclipse/winavr/bin/../lib/gcc/avr/4.3.3/avr5\libgcc.a(_gt_sf.o)
 .debug_aranges
                0x00000080       0x20 f:/embeded/iti/avr/ec/eclipse/winavr/bin/../lib/gcc/avr/4.3.3/avr5\libgcc.a(_ge_sf.o)
 .debug_aranges
                0x000000a0       0x20 f:/embeded/iti/avr/ec/eclipse/winavr/bin/../lib/gcc/avr/4.3.3/avr5\libgcc.a(_lt_sf.o)
 .debug_aranges
                0x000000c0       0x20 f:/embeded/iti/avr/ec/eclipse/winavr/bin/../lib/gcc/avr/4.3.3/avr5\libgcc.a(_sf_to_si.o)
 .debug_aranges
                0x000000e0       0x20 f:/embeded/iti/avr/ec/eclipse/winavr/bin/../lib/gcc/avr/4.3.3/avr5\libgcc.a(_pack_sf.o)
 .debug_aranges
                0x00000100       0x20 f:/embeded/iti/avr/ec/eclipse/winavr/bin/../lib/gcc/avr/4.3.3/avr5\libgcc.a(_unpack_sf.o)
 .debug_aranges
                0x00000120       0x20 f:/embeded/iti/avr/ec/eclipse/winavr/bin/../lib/gcc/avr/4.3.3/avr5\libgcc.a(_fpcmp_parts_sf.o)

.debug_pubnames
                0x00000000      0x170
 *(.debug_pubnames)
 .debug_pubnames
                0x00000000       0x23 f:/embeded/iti/avr/ec/eclipse/winavr/bin/../lib/gcc/avr/4.3.3/avr5\libgcc.a(_fixunssfsi.o)
 .debug_pubnames
                0x00000023       0x2c f:/embeded/iti/avr/ec/eclipse/winavr/bin/../lib/gcc/avr/4.3.3/avr5\libgcc.a(_addsub_sf.o)
 .debug_pubnames
                0x0000004f       0x1f f:/embeded/iti/avr/ec/eclipse/winavr/bin/../lib/gcc/avr/4.3.3/avr5\libgcc.a(_mul_sf.o)
 .debug_pubnames
                0x0000006e       0x1e f:/embeded/iti/avr/ec/eclipse/winavr/bin/../lib/gcc/avr/4.3.3/avr5\libgcc.a(_gt_sf.o)
 .debug_pubnames
                0x0000008c       0x1e f:/embeded/iti/avr/ec/eclipse/winavr/bin/../lib/gcc/avr/4.3.3/avr5\libgcc.a(_ge_sf.o)
 .debug_pubnames
                0x000000aa       0x1e f:/embeded/iti/avr/ec/eclipse/winavr/bin/../lib/gcc/avr/4.3.3/avr5\libgcc.a(_lt_sf.o)
 .debug_pubnames
                0x000000c8       0x20 f:/embeded/iti/avr/ec/eclipse/winavr/bin/../lib/gcc/avr/4.3.3/avr5\libgcc.a(_sf_to_si.o)
 .debug_pubnames
                0x000000e8       0x22 f:/embeded/iti/avr/ec/eclipse/winavr/bin/../lib/gcc/avr/4.3.3/avr5\libgcc.a(_thenan_sf.o)
 .debug_pubnames
                0x0000010a       0x1f f:/embeded/iti/avr/ec/eclipse/winavr/bin/../lib/gcc/avr/4.3.3/avr5\libgcc.a(_pack_sf.o)
 .debug_pubnames
                0x00000129       0x21 f:/embeded/iti/avr/ec/eclipse/winavr/bin/../lib/gcc/avr/4.3.3/avr5\libgcc.a(_unpack_sf.o)
 .debug_pubnames
                0x0000014a       0x26 f:/embeded/iti/avr/ec/eclipse/winavr/bin/../lib/gcc/avr/4.3.3/avr5\libgcc.a(_fpcmp_parts_sf.o)

.debug_info     0x00000000     0x1c49
 *(.debug_info)
 .debug_info    0x00000000       0xb1 f:/embeded/iti/avr/ec/eclipse/winavr/bin/../lib/gcc/avr/4.3.3/avr5\libgcc.a(_fixunssfsi.o)
 .debug_info    0x000000b1      0x47a f:/embeded/iti/avr/ec/eclipse/winavr/bin/../lib/gcc/avr/4.3.3/avr5\libgcc.a(_addsub_sf.o)
 .debug_info    0x0000052b      0x485 f:/embeded/iti/avr/ec/eclipse/winavr/bin/../lib/gcc/avr/4.3.3/avr5\libgcc.a(_mul_sf.o)
 .debug_info    0x000009b0      0x27f f:/embeded/iti/avr/ec/eclipse/winavr/bin/../lib/gcc/avr/4.3.3/avr5\libgcc.a(_gt_sf.o)
 .debug_info    0x00000c2f      0x27f f:/embeded/iti/avr/ec/eclipse/winavr/bin/../lib/gcc/avr/4.3.3/avr5\libgcc.a(_ge_sf.o)
 .debug_info    0x00000eae      0x27f f:/embeded/iti/avr/ec/eclipse/winavr/bin/../lib/gcc/avr/4.3.3/avr5\libgcc.a(_lt_sf.o)
 .debug_info    0x0000112d      0x2b0 f:/embeded/iti/avr/ec/eclipse/winavr/bin/../lib/gcc/avr/4.3.3/avr5\libgcc.a(_sf_to_si.o)
 .debug_info    0x000013dd      0x12c f:/embeded/iti/avr/ec/eclipse/winavr/bin/../lib/gcc/avr/4.3.3/avr5\libgcc.a(_thenan_sf.o)
 .debug_info    0x00001509      0x2df f:/embeded/iti/avr/ec/eclipse/winavr/bin/../lib/gcc/avr/4.3.3/avr5\libgcc.a(_pack_sf.o)
 .debug_info    0x000017e8      0x251 f:/embeded/iti/avr/ec/eclipse/winavr/bin/../lib/gcc/avr/4.3.3/avr5\libgcc.a(_unpack_sf.o)
 .debug_info    0x00001a39      0x210 f:/embeded/iti/avr/ec/eclipse/winavr/bin/../lib/gcc/avr/4.3.3/avr5\libgcc.a(_fpcmp_parts_sf.o)
 *(.gnu.linkonce.wi.*)

.debug_abbrev   0x00000000      0xeeb
 *(.debug_abbrev)
 .debug_abbrev  0x00000000       0x5d f:/embeded/iti/avr/ec/eclipse/winavr/bin/../lib/gcc/avr/4.3.3/avr5\libgcc.a(_fixunssfsi.o)
 .debug_abbrev  0x0000005d      0x1ea f:/embeded/iti/avr/ec/eclipse/winavr/bin/../lib/gcc/avr/4.3.3/avr5\libgcc.a(_addsub_sf.o)
 .debug_abbrev  0x00000247      0x21b f:/embeded/iti/avr/ec/eclipse/winavr/bin/../lib/gcc/avr/4.3.3/avr5\libgcc.a(_mul_sf.o)
 .debug_abbrev  0x00000462      0x15a f:/embeded/iti/avr/ec/eclipse/winavr/bin/../lib/gcc/avr/4.3.3/avr5\libgcc.a(_gt_sf.o)
 .debug_abbrev  0x000005bc      0x15a f:/embeded/iti/avr/ec/eclipse/winavr/bin/../lib/gcc/avr/4.3.3/avr5\libgcc.a(_ge_sf.o)
 .debug_abbrev  0x00000716      0x15a f:/embeded/iti/avr/ec/eclipse/winavr/bin/../lib/gcc/avr/4.3.3/avr5\libgcc.a(_lt_sf.o)
 .debug_abbrev  0x00000870      0x17f f:/embeded/iti/avr/ec/eclipse/winavr/bin/../lib/gcc/avr/4.3.3/avr5\libgcc.a(_sf_to_si.o)
 .debug_abbrev  0x000009ef       0xad f:/embeded/iti/avr/ec/eclipse/winavr/bin/../lib/gcc/avr/4.3.3/avr5\libgcc.a(_thenan_sf.o)
 .debug_abbrev  0x00000a9c      0x1c0 f:/embeded/iti/avr/ec/eclipse/winavr/bin/../lib/gcc/avr/4.3.3/avr5\libgcc.a(_pack_sf.o)
 .debug_abbrev  0x00000c5c      0x154 f:/embeded/iti/avr/ec/eclipse/winavr/bin/../lib/gcc/avr/4.3.3/avr5\libgcc.a(_unpack_sf.o)
 .debug_abbrev  0x00000db0      0x13b f:/embeded/iti/avr/ec/eclipse/winavr/bin/../lib/gcc/avr/4.3.3/avr5\libgcc.a(_fpcmp_parts_sf.o)

.debug_line     0x00000000      0xdad
 *(.debug_line)
 .debug_line    0x00000000       0xa7 f:/embeded/iti/avr/ec/eclipse/winavr/bin/../lib/gcc/avr/4.3.3/avr5\libgcc.a(_fixunssfsi.o)
 .debug_line    0x000000a7      0x2af f:/embeded/iti/avr/ec/eclipse/winavr/bin/../lib/gcc/avr/4.3.3/avr5\libgcc.a(_addsub_sf.o)
 .debug_line    0x00000356      0x239 f:/embeded/iti/avr/ec/eclipse/winavr/bin/../lib/gcc/avr/4.3.3/avr5\libgcc.a(_mul_sf.o)
 .debug_line    0x0000058f       0xd3 f:/embeded/iti/avr/ec/eclipse/winavr/bin/../lib/gcc/avr/4.3.3/avr5\libgcc.a(_gt_sf.o)
 .debug_line    0x00000662       0xd3 f:/embeded/iti/avr/ec/eclipse/winavr/bin/../lib/gcc/avr/4.3.3/avr5\libgcc.a(_ge_sf.o)
 .debug_line    0x00000735       0xd3 f:/embeded/iti/avr/ec/eclipse/winavr/bin/../lib/gcc/avr/4.3.3/avr5\libgcc.a(_lt_sf.o)
 .debug_line    0x00000808      0x109 f:/embeded/iti/avr/ec/eclipse/winavr/bin/../lib/gcc/avr/4.3.3/avr5\libgcc.a(_sf_to_si.o)
 .debug_line    0x00000911       0x90 f:/embeded/iti/avr/ec/eclipse/winavr/bin/../lib/gcc/avr/4.3.3/avr5\libgcc.a(_thenan_sf.o)
 .debug_line    0x000009a1      0x18a f:/embeded/iti/avr/ec/eclipse/winavr/bin/../lib/gcc/avr/4.3.3/avr5\libgcc.a(_pack_sf.o)
 .debug_line    0x00000b2b      0x14b f:/embeded/iti/avr/ec/eclipse/winavr/bin/../lib/gcc/avr/4.3.3/avr5\libgcc.a(_unpack_sf.o)
 .debug_line    0x00000c76      0x137 f:/embeded/iti/avr/ec/eclipse/winavr/bin/../lib/gcc/avr/4.3.3/avr5\libgcc.a(_fpcmp_parts_sf.o)

.debug_frame    0x00000000      0x160
 *(.debug_frame)
 .debug_frame   0x00000000       0x20 f:/embeded/iti/avr/ec/eclipse/winavr/bin/../lib/gcc/avr/4.3.3/avr5\libgcc.a(_fixunssfsi.o)
 .debug_frame   0x00000020       0x40 f:/embeded/iti/avr/ec/eclipse/winavr/bin/../lib/gcc/avr/4.3.3/avr5\libgcc.a(_addsub_sf.o)
 .debug_frame   0x00000060       0x20 f:/embeded/iti/avr/ec/eclipse/winavr/bin/../lib/gcc/avr/4.3.3/avr5\libgcc.a(_mul_sf.o)
 .debug_frame   0x00000080       0x20 f:/embeded/iti/avr/ec/eclipse/winavr/bin/../lib/gcc/avr/4.3.3/avr5\libgcc.a(_gt_sf.o)
 .debug_frame   0x000000a0       0x20 f:/embeded/iti/avr/ec/eclipse/winavr/bin/../lib/gcc/avr/4.3.3/avr5\libgcc.a(_ge_sf.o)
 .debug_frame   0x000000c0       0x20 f:/embeded/iti/avr/ec/eclipse/winavr/bin/../lib/gcc/avr/4.3.3/avr5\libgcc.a(_lt_sf.o)
 .debug_frame   0x000000e0       0x20 f:/embeded/iti/avr/ec/eclipse/winavr/bin/../lib/gcc/avr/4.3.3/avr5\libgcc.a(_sf_to_si.o)
 .debug_frame   0x00000100       0x20 f:/embeded/iti/avr/ec/eclipse/winavr/bin/../lib/gcc/avr/4.3.3/avr5\libgcc.a(_pack_sf.o)
 .debug_frame   0x00000120       0x20 f:/embeded/iti/avr/ec/eclipse/winavr/bin/../lib/gcc/avr/4.3.3/avr5\libgcc.a(_unpack_sf.o)
 .debug_frame   0x00000140       0x20 f:/embeded/iti/avr/ec/eclipse/winavr/bin/../lib/gcc/avr/4.3.3/avr5\libgcc.a(_fpcmp_parts_sf.o)

.debug_str      0x00000000      0x28d
 *(.debug_str)
 .debug_str     0x00000000       0xbf f:/embeded/iti/avr/ec/eclipse/winavr/bin/../lib/gcc/avr/4.3.3/avr5\libgcc.a(_fixunssfsi.o)
                                 0xfe (size before relaxing)
 .debug_str     0x000000bf      0x14d f:/embeded/iti/avr/ec/eclipse/winavr/bin/../lib/gcc/avr/4.3.3/avr5\libgcc.a(_addsub_sf.o)
                                0x206 (size before relaxing)
 .debug_str     0x0000020c       0x27 f:/embeded/iti/avr/ec/eclipse/winavr/bin/../lib/gcc/avr/4.3.3/avr5\libgcc.a(_mul_sf.o)
                                0x1bf (size before relaxing)
 .debug_str     0x00000233        0xf f:/embeded/iti/avr/ec/eclipse/winavr/bin/../lib/gcc/avr/4.3.3/avr5\libgcc.a(_gt_sf.o)
                                0x195 (size before relaxing)
 .debug_str     0x00000242        0x8 f:/embeded/iti/avr/ec/eclipse/winavr/bin/../lib/gcc/avr/4.3.3/avr5\libgcc.a(_ge_sf.o)
                                0x195 (size before relaxing)
 .debug_str     0x0000024a        0x8 f:/embeded/iti/avr/ec/eclipse/winavr/bin/../lib/gcc/avr/4.3.3/avr5\libgcc.a(_lt_sf.o)
                                0x195 (size before relaxing)
 .debug_str     0x00000252        0xa f:/embeded/iti/avr/ec/eclipse/winavr/bin/../lib/gcc/avr/4.3.3/avr5\libgcc.a(_sf_to_si.o)
                                0x19e (size before relaxing)
 .debug_str     0x00000000      0x103 f:/embeded/iti/avr/ec/eclipse/winavr/bin/../lib/gcc/avr/4.3.3/avr5\libgcc.a(_thenan_sf.o)
 .debug_str     0x0000025c       0x16 f:/embeded/iti/avr/ec/eclipse/winavr/bin/../lib/gcc/avr/4.3.3/avr5\libgcc.a(_pack_sf.o)
                                0x19d (size before relaxing)
 .debug_str     0x00000272        0xb f:/embeded/iti/avr/ec/eclipse/winavr/bin/../lib/gcc/avr/4.3.3/avr5\libgcc.a(_unpack_sf.o)
                                0x17f (size before relaxing)
 .debug_str     0x0000027d       0x10 f:/embeded/iti/avr/ec/eclipse/winavr/bin/../lib/gcc/avr/4.3.3/avr5\libgcc.a(_fpcmp_parts_sf.o)
                                0x163 (size before relaxing)

.debug_loc      0x00000000      0x7ce
 *(.debug_loc)
 .debug_loc     0x00000000       0x34 f:/embeded/iti/avr/ec/eclipse/winavr/bin/../lib/gcc/avr/4.3.3/avr5\libgcc.a(_fixunssfsi.o)
 .debug_loc     0x00000034      0x32a f:/embeded/iti/avr/ec/eclipse/winavr/bin/../lib/gcc/avr/4.3.3/avr5\libgcc.a(_addsub_sf.o)
 .debug_loc     0x0000035e      0x104 f:/embeded/iti/avr/ec/eclipse/winavr/bin/../lib/gcc/avr/4.3.3/avr5\libgcc.a(_mul_sf.o)
 .debug_loc     0x00000462       0x3c f:/embeded/iti/avr/ec/eclipse/winavr/bin/../lib/gcc/avr/4.3.3/avr5\libgcc.a(_gt_sf.o)
 .debug_loc     0x0000049e       0x3c f:/embeded/iti/avr/ec/eclipse/winavr/bin/../lib/gcc/avr/4.3.3/avr5\libgcc.a(_ge_sf.o)
 .debug_loc     0x000004da       0x3c f:/embeded/iti/avr/ec/eclipse/winavr/bin/../lib/gcc/avr/4.3.3/avr5\libgcc.a(_lt_sf.o)
 .debug_loc     0x00000516       0x7e f:/embeded/iti/avr/ec/eclipse/winavr/bin/../lib/gcc/avr/4.3.3/avr5\libgcc.a(_sf_to_si.o)
 .debug_loc     0x00000594      0x13e f:/embeded/iti/avr/ec/eclipse/winavr/bin/../lib/gcc/avr/4.3.3/avr5\libgcc.a(_pack_sf.o)
 .debug_loc     0x000006d2       0xac f:/embeded/iti/avr/ec/eclipse/winavr/bin/../lib/gcc/avr/4.3.3/avr5\libgcc.a(_unpack_sf.o)
 .debug_loc     0x0000077e       0x50 f:/embeded/iti/avr/ec/eclipse/winavr/bin/../lib/gcc/avr/4.3.3/avr5\libgcc.a(_fpcmp_parts_sf.o)

.debug_macinfo
 *(.debug_macinfo)
OUTPUT(SLAVE_HOME.elf elf32-avr)
LOAD linker stubs

.debug_ranges   0x00000000       0x50
 .debug_ranges  0x00000000       0x50 f:/embeded/iti/avr/ec/eclipse/winavr/bin/../lib/gcc/avr/4.3.3/avr5\libgcc.a(_mul_sf.o)
