Archive member included because of file (symbol)

f:/embeded/iti/avr/ec/eclipse/winavr/bin/../lib/gcc/avr/4.3.3/avr5\libgcc.a(_udivmodsi4.o)
                              ./CLCD.program.o (__udivmodsi4)
f:/embeded/iti/avr/ec/eclipse/winavr/bin/../lib/gcc/avr/4.3.3/avr5\libgcc.a(_exit.o)
                              f:/embeded/iti/avr/ec/eclipse/winavr/bin/../lib/gcc/avr/4.3.3/../../../../avr/lib/avr5/crtm16.o (exit)
f:/embeded/iti/avr/ec/eclipse/winavr/bin/../lib/gcc/avr/4.3.3/avr5\libgcc.a(_copy_data.o)
                              ./CLCD.program.o (__do_copy_data)
f:/embeded/iti/avr/ec/eclipse/winavr/bin/../lib/gcc/avr/4.3.3/avr5\libgcc.a(_clear_bss.o)
                              ./CLCD.program.o (__do_clear_bss)
f:/embeded/iti/avr/ec/eclipse/winavr/bin/../lib/gcc/avr/4.3.3/avr5\libgcc.a(_fixunssfsi.o)
                              ./CLCD.program.o (__fixunssfsi)
f:/embeded/iti/avr/ec/eclipse/winavr/bin/../lib/gcc/avr/4.3.3/avr5\libgcc.a(_addsub_sf.o)
                              f:/embeded/iti/avr/ec/eclipse/winavr/bin/../lib/gcc/avr/4.3.3/avr5\libgcc.a(_fixunssfsi.o) (__subsf3)
f:/embeded/iti/avr/ec/eclipse/winavr/bin/../lib/gcc/avr/4.3.3/avr5\libgcc.a(_mul_sf.o)
                              ./CLCD.program.o (__mulsf3)
f:/embeded/iti/avr/ec/eclipse/winavr/bin/../lib/gcc/avr/4.3.3/avr5\libgcc.a(_gt_sf.o)
                              ./CLCD.program.o (__gtsf2)
f:/embeded/iti/avr/ec/eclipse/winavr/bin/../lib/gcc/avr/4.3.3/avr5\libgcc.a(_ge_sf.o)
                              f:/embeded/iti/avr/ec/eclipse/winavr/bin/../lib/gcc/avr/4.3.3/avr5\libgcc.a(_fixunssfsi.o) (__gesf2)
f:/embeded/iti/avr/ec/eclipse/winavr/bin/../lib/gcc/avr/4.3.3/avr5\libgcc.a(_lt_sf.o)
                              ./CLCD.program.o (__ltsf2)
f:/embeded/iti/avr/ec/eclipse/winavr/bin/../lib/gcc/avr/4.3.3/avr5\libgcc.a(_sf_to_si.o)
                              f:/embeded/iti/avr/ec/eclipse/winavr/bin/../lib/gcc/avr/4.3.3/avr5\libgcc.a(_fixunssfsi.o) (__fixsfsi)
f:/embeded/iti/avr/ec/eclipse/winavr/bin/../lib/gcc/avr/4.3.3/avr5\libgcc.a(_thenan_sf.o)
                              f:/embeded/iti/avr/ec/eclipse/winavr/bin/../lib/gcc/avr/4.3.3/avr5\libgcc.a(_addsub_sf.o) (__thenan_sf)
f:/embeded/iti/avr/ec/eclipse/winavr/bin/../lib/gcc/avr/4.3.3/avr5\libgcc.a(_prologue.o)
                              f:/embeded/iti/avr/ec/eclipse/winavr/bin/../lib/gcc/avr/4.3.3/avr5\libgcc.a(_addsub_sf.o) (__prologue_saves__)
f:/embeded/iti/avr/ec/eclipse/winavr/bin/../lib/gcc/avr/4.3.3/avr5\libgcc.a(_epilogue.o)
                              f:/embeded/iti/avr/ec/eclipse/winavr/bin/../lib/gcc/avr/4.3.3/avr5\libgcc.a(_addsub_sf.o) (__epilogue_restores__)
f:/embeded/iti/avr/ec/eclipse/winavr/bin/../lib/gcc/avr/4.3.3/avr5\libgcc.a(_pack_sf.o)
                              f:/embeded/iti/avr/ec/eclipse/winavr/bin/../lib/gcc/avr/4.3.3/avr5\libgcc.a(_addsub_sf.o) (__pack_f)
f:/embeded/iti/avr/ec/eclipse/winavr/bin/../lib/gcc/avr/4.3.3/avr5\libgcc.a(_unpack_sf.o)
                              f:/embeded/iti/avr/ec/eclipse/winavr/bin/../lib/gcc/avr/4.3.3/avr5\libgcc.a(_addsub_sf.o) (__unpack_f)
f:/embeded/iti/avr/ec/eclipse/winavr/bin/../lib/gcc/avr/4.3.3/avr5\libgcc.a(_fpcmp_parts_sf.o)
                              f:/embeded/iti/avr/ec/eclipse/winavr/bin/../lib/gcc/avr/4.3.3/avr5\libgcc.a(_gt_sf.o) (__fpcmp_parts_f)
f:/embeded/iti/avr/ec/eclipse/winavr/bin/../lib/gcc/avr/4.3.3/../../../../avr/lib/avr5\libc.a(memcpy.o)
                              ./queue.o (memcpy)
f:/embeded/iti/avr/ec/eclipse/winavr/bin/../lib/gcc/avr/4.3.3/../../../../avr/lib/avr5\libc.a(memset.o)
                              ./tasks.o (memset)
f:/embeded/iti/avr/ec/eclipse/winavr/bin/../lib/gcc/avr/4.3.3/../../../../avr/lib/avr5\libc.a(strncpy.o)
                              ./tasks.o (strncpy)

Memory Configuration

Name             Origin             Length             Attributes
text             0x00000000         0x00020000         xr
data             0x00800060         0x0000ffa0         rw !x
eeprom           0x00810000         0x00010000         rw !x
fuse             0x00820000         0x00000400         rw !x
lock             0x00830000         0x00000400         rw !x
signature        0x00840000         0x00000400         rw !x
*default*        0x00000000         0xffffffff

Linker script and memory map

LOAD f:/embeded/iti/avr/ec/eclipse/winavr/bin/../lib/gcc/avr/4.3.3/../../../../avr/lib/avr5/crtm16.o
LOAD ./ADC_program.o
LOAD ./CLCD.program.o
LOAD ./DIO_program.o
LOAD ./EEPROM.o
LOAD ./EEPROM_program.o
LOAD ./EXTI_program.o
LOAD ./GIE_program.o
LOAD ./LCD_PROGRAM.o
LOAD ./SPI_PROGRAM.o
LOAD ./TIMER_PROGRAM.o
LOAD ./TWI_program.o
LOAD ./croutine.o
LOAD ./heap_1.o
LOAD ./i2c.o
LOAD ./keypad.o
LOAD ./list.o
LOAD ./main.o
LOAD ./mainconfig.o
LOAD ./port.o
LOAD ./queue.o
LOAD ./spislave.o
LOAD ./tasks.o
LOAD ./timers.o
LOAD f:/embeded/iti/avr/ec/eclipse/winavr/bin/../lib/gcc/avr/4.3.3/avr5\libgcc.a
LOAD f:/embeded/iti/avr/ec/eclipse/winavr/bin/../lib/gcc/avr/4.3.3/../../../../avr/lib/avr5\libc.a
LOAD f:/embeded/iti/avr/ec/eclipse/winavr/bin/../lib/gcc/avr/4.3.3/avr5\libgcc.a

.hash
 *(.hash)

.dynsym
 *(.dynsym)

.dynstr
 *(.dynstr)

.gnu.version
 *(.gnu.version)

.gnu.version_d
 *(.gnu.version_d)

.gnu.version_r
 *(.gnu.version_r)

.rel.init
 *(.rel.init)

.rela.init
 *(.rela.init)

.rel.text
 *(.rel.text)
 *(.rel.text.*)
 *(.rel.gnu.linkonce.t*)

.rela.text
 *(.rela.text)
 *(.rela.text.*)
 *(.rela.gnu.linkonce.t*)

.rel.fini
 *(.rel.fini)

.rela.fini
 *(.rela.fini)

.rel.rodata
 *(.rel.rodata)
 *(.rel.rodata.*)
 *(.rel.gnu.linkonce.r*)

.rela.rodata
 *(.rela.rodata)
 *(.rela.rodata.*)
 *(.rela.gnu.linkonce.r*)

.rel.data
 *(.rel.data)
 *(.rel.data.*)
 *(.rel.gnu.linkonce.d*)

.rela.data
 *(.rela.data)
 *(.rela.data.*)
 *(.rela.gnu.linkonce.d*)

.rel.ctors
 *(.rel.ctors)

.rela.ctors
 *(.rela.ctors)

.rel.dtors
 *(.rel.dtors)

.rela.dtors
 *(.rela.dtors)

.rel.got
 *(.rel.got)

.rela.got
 *(.rela.got)

.rel.bss
 *(.rel.bss)

.rela.bss
 *(.rela.bss)

.rel.plt
 *(.rel.plt)

.rela.plt
 *(.rela.plt)

.text           0x00000000     0x544c
 *(.vectors)
 .vectors       0x00000000       0x54 f:/embeded/iti/avr/ec/eclipse/winavr/bin/../lib/gcc/avr/4.3.3/../../../../avr/lib/avr5/crtm16.o
                0x00000000                __vectors
                0x00000000                __vector_default
 *(.vectors)
 *(.progmem.gcc*)
 *(.progmem*)
                0x00000054                . = ALIGN (0x2)
                0x00000054                __trampolines_start = .
 *(.trampolines)
 .trampolines   0x00000054        0x0 linker stubs
 *(.trampolines*)
                0x00000054                __trampolines_end = .
 *(.jumptables)
 *(.jumptables*)
 *(.lowtext)
 *(.lowtext*)
                0x00000054                __ctors_start = .
 *(.ctors)
                0x00000054                __ctors_end = .
                0x00000054                __dtors_start = .
 *(.dtors)
                0x00000054                __dtors_end = .
 SORT(*)(.ctors)
 SORT(*)(.dtors)
 *(.init0)
 .init0         0x00000054        0x0 f:/embeded/iti/avr/ec/eclipse/winavr/bin/../lib/gcc/avr/4.3.3/../../../../avr/lib/avr5/crtm16.o
                0x00000054                __init
 *(.init0)
 *(.init1)
 *(.init1)
 *(.init2)
 .init2         0x00000054        0xc f:/embeded/iti/avr/ec/eclipse/winavr/bin/../lib/gcc/avr/4.3.3/../../../../avr/lib/avr5/crtm16.o
 *(.init2)
 *(.init3)
 *(.init3)
 *(.init4)
 .init4         0x00000060       0x16 f:/embeded/iti/avr/ec/eclipse/winavr/bin/../lib/gcc/avr/4.3.3/avr5\libgcc.a(_copy_data.o)
                0x00000060                __do_copy_data
 .init4         0x00000076       0x10 f:/embeded/iti/avr/ec/eclipse/winavr/bin/../lib/gcc/avr/4.3.3/avr5\libgcc.a(_clear_bss.o)
                0x00000076                __do_clear_bss
 *(.init4)
 *(.init5)
 *(.init5)
 *(.init6)
 *(.init6)
 *(.init7)
 *(.init7)
 *(.init8)
 *(.init8)
 *(.init9)
 .init9         0x00000086        0x8 f:/embeded/iti/avr/ec/eclipse/winavr/bin/../lib/gcc/avr/4.3.3/../../../../avr/lib/avr5/crtm16.o
 *(.init9)
 *(.text)
 .text          0x0000008e        0x4 f:/embeded/iti/avr/ec/eclipse/winavr/bin/../lib/gcc/avr/4.3.3/../../../../avr/lib/avr5/crtm16.o
                0x0000008e                __vector_1
                0x0000008e                __vector_12
                0x0000008e                __bad_interrupt
                0x0000008e                __vector_6
                0x0000008e                __vector_3
                0x0000008e                __vector_11
                0x0000008e                __vector_13
                0x0000008e                __vector_17
                0x0000008e                __vector_19
                0x0000008e                __vector_5
                0x0000008e                __vector_4
                0x0000008e                __vector_9
                0x0000008e                __vector_2
                0x0000008e                __vector_15
                0x0000008e                __vector_8
                0x0000008e                __vector_14
                0x0000008e                __vector_10
                0x0000008e                __vector_16
                0x0000008e                __vector_18
                0x0000008e                __vector_20
 .text          0x00000092        0x0 ./ADC_program.o
 .text          0x00000092        0x0 ./CLCD.program.o
 .text          0x00000092        0x0 ./DIO_program.o
 .text          0x00000092        0x0 ./EEPROM.o
 .text          0x00000092        0x0 ./EEPROM_program.o
 .text          0x00000092        0x0 ./EXTI_program.o
 .text          0x00000092        0x0 ./GIE_program.o
 .text          0x00000092        0x0 ./LCD_PROGRAM.o
 .text          0x00000092        0x0 ./SPI_PROGRAM.o
 .text          0x00000092        0x0 ./TIMER_PROGRAM.o
 .text          0x00000092        0x0 ./TWI_program.o
 .text          0x00000092        0x0 ./croutine.o
 .text          0x00000092        0x0 ./heap_1.o
 .text          0x00000092        0x0 ./i2c.o
 .text          0x00000092        0x0 ./keypad.o
 .text          0x00000092        0x0 ./list.o
 .text          0x00000092        0x0 ./main.o
 .text          0x00000092        0x0 ./mainconfig.o
 .text          0x00000092        0x0 ./port.o
 .text          0x00000092        0x0 ./queue.o
 .text          0x00000092        0x0 ./spislave.o
 .text          0x00000092        0x0 ./tasks.o
 .text          0x00000092        0x0 ./timers.o
 .text          0x00000092        0x0 f:/embeded/iti/avr/ec/eclipse/winavr/bin/../lib/gcc/avr/4.3.3/avr5\libgcc.a(_udivmodsi4.o)
 .text          0x00000092        0x0 f:/embeded/iti/avr/ec/eclipse/winavr/bin/../lib/gcc/avr/4.3.3/avr5\libgcc.a(_exit.o)
 .text          0x00000092        0x0 f:/embeded/iti/avr/ec/eclipse/winavr/bin/../lib/gcc/avr/4.3.3/avr5\libgcc.a(_copy_data.o)
 .text          0x00000092        0x0 f:/embeded/iti/avr/ec/eclipse/winavr/bin/../lib/gcc/avr/4.3.3/avr5\libgcc.a(_clear_bss.o)
 .text          0x00000092       0x58 f:/embeded/iti/avr/ec/eclipse/winavr/bin/../lib/gcc/avr/4.3.3/avr5\libgcc.a(_fixunssfsi.o)
                0x00000092                __fixunssfsi
 .text          0x000000ea      0x354 f:/embeded/iti/avr/ec/eclipse/winavr/bin/../lib/gcc/avr/4.3.3/avr5\libgcc.a(_addsub_sf.o)
                0x00000382                __subsf3
                0x000003e4                __addsf3
 .text          0x0000043e      0x1f4 f:/embeded/iti/avr/ec/eclipse/winavr/bin/../lib/gcc/avr/4.3.3/avr5\libgcc.a(_mul_sf.o)
                0x0000043e                __mulsf3
 .text          0x00000632       0x60 f:/embeded/iti/avr/ec/eclipse/winavr/bin/../lib/gcc/avr/4.3.3/avr5\libgcc.a(_gt_sf.o)
                0x00000632                __gtsf2
 .text          0x00000692       0x60 f:/embeded/iti/avr/ec/eclipse/winavr/bin/../lib/gcc/avr/4.3.3/avr5\libgcc.a(_ge_sf.o)
                0x00000692                __gesf2
 .text          0x000006f2       0x60 f:/embeded/iti/avr/ec/eclipse/winavr/bin/../lib/gcc/avr/4.3.3/avr5\libgcc.a(_lt_sf.o)
                0x000006f2                __ltsf2
 .text          0x00000752       0xa8 f:/embeded/iti/avr/ec/eclipse/winavr/bin/../lib/gcc/avr/4.3.3/avr5\libgcc.a(_sf_to_si.o)
                0x00000752                __fixsfsi
 .text          0x000007fa        0x0 f:/embeded/iti/avr/ec/eclipse/winavr/bin/../lib/gcc/avr/4.3.3/avr5\libgcc.a(_thenan_sf.o)
 .text          0x000007fa        0x0 f:/embeded/iti/avr/ec/eclipse/winavr/bin/../lib/gcc/avr/4.3.3/avr5\libgcc.a(_prologue.o)
 .text          0x000007fa        0x0 f:/embeded/iti/avr/ec/eclipse/winavr/bin/../lib/gcc/avr/4.3.3/avr5\libgcc.a(_epilogue.o)
 .text          0x000007fa      0x1aa f:/embeded/iti/avr/ec/eclipse/winavr/bin/../lib/gcc/avr/4.3.3/avr5\libgcc.a(_pack_sf.o)
                0x000007fa                __pack_f
 .text          0x000009a4       0xf0 f:/embeded/iti/avr/ec/eclipse/winavr/bin/../lib/gcc/avr/4.3.3/avr5\libgcc.a(_unpack_sf.o)
                0x000009a4                __unpack_f
 .text          0x00000a94       0xb2 f:/embeded/iti/avr/ec/eclipse/winavr/bin/../lib/gcc/avr/4.3.3/avr5\libgcc.a(_fpcmp_parts_sf.o)
                0x00000a94                __fpcmp_parts_f
 .text          0x00000b46        0x0 f:/embeded/iti/avr/ec/eclipse/winavr/bin/../lib/gcc/avr/4.3.3/../../../../avr/lib/avr5\libc.a(memcpy.o)
 .text          0x00000b46        0x0 f:/embeded/iti/avr/ec/eclipse/winavr/bin/../lib/gcc/avr/4.3.3/../../../../avr/lib/avr5\libc.a(memset.o)
 .text          0x00000b46        0x0 f:/embeded/iti/avr/ec/eclipse/winavr/bin/../lib/gcc/avr/4.3.3/../../../../avr/lib/avr5\libc.a(strncpy.o)
                0x00000b46                . = ALIGN (0x2)
 *(.text.*)
 .text.ADC_voidInit
                0x00000b46       0x62 ./ADC_program.o
                0x00000b46                ADC_voidInit
 .text.ADC_u8GetChannelReading
                0x00000ba8       0x6a ./ADC_program.o
                0x00000ba8                ADC_u8GetChannelReading
 .text.CLCD_voidSendCommand
                0x00000c12      0x13c ./CLCD.program.o
                0x00000c12                CLCD_voidSendCommand
 .text.CLCD_voidInit
                0x00000d4e      0x11c ./CLCD.program.o
                0x00000d4e                CLCD_voidInit
 .text.CLCD_voidSendData
                0x00000e6a      0x13c ./CLCD.program.o
                0x00000e6a                CLCD_voidSendData
 .text.CLCD_voidSendString
                0x00000fa6       0x52 ./CLCD.program.o
                0x00000fa6                CLCD_voidSendString
 .text.CLCD_voidGoToXY
                0x00000ff8       0x3c ./CLCD.program.o
                0x00000ff8                CLCD_voidGoToXY
 .text.CLCD_voidWriteNumber
                0x00001034       0xe6 ./CLCD.program.o
                0x00001034                CLCD_voidWriteNumber
 .text.CLCD_voidWriteSpecialChar
                0x0000111a       0x82 ./CLCD.program.o
                0x0000111a                CLCD_voidWriteSpecialChar
 .text.DIO_u8SetPortValue
                0x0000119c       0xa0 ./DIO_program.o
                0x0000119c                DIO_u8SetPortValue
 .text.DIO_u8SetPinValue
                0x0000123c      0x228 ./DIO_program.o
                0x0000123c                DIO_u8SetPinValue
 .text.DIO_u8SetPortDir
                0x00001464       0xa0 ./DIO_program.o
                0x00001464                DIO_u8SetPortDir
 .text.DIO_u8SetPinDir
                0x00001504      0x228 ./DIO_program.o
                0x00001504                DIO_u8SetPinDir
 .text.DIO_u8GetPortValue
                0x0000172c       0xb8 ./DIO_program.o
                0x0000172c                DIO_u8GetPortValue
 .text.DIO_u8GetPinValue
                0x000017e4      0x136 ./DIO_program.o
                0x000017e4                DIO_u8GetPinValue
 .text.EEBROM_Send
                0x0000191a       0x3e ./EEPROM.o
                0x0000191a                EEBROM_Send
 .text.EEPROM_Receive
                0x00001958       0x52 ./EEPROM.o
                0x00001958                EEPROM_Receive
 .text.EEPROM_voidSendData
                0x000019aa       0x3e ./EEPROM_program.o
                0x000019aa                EEPROM_voidSendData
 .text.EEPROM_voidReceiveData
                0x000019e8       0x52 ./EEPROM_program.o
                0x000019e8                EEPROM_voidReceiveData
 .text.EXTI_u8SenseControl
                0x00001a3a      0x20a ./EXTI_program.o
                0x00001a3a                EXTI_u8SenseControl
 .text.EXTI_u8IntEnable
                0x00001c44       0x7e ./EXTI_program.o
                0x00001c44                EXTI_u8IntEnable
 .text.EXTI_u8IntDisable
                0x00001cc2       0x7e ./EXTI_program.o
                0x00001cc2                EXTI_u8IntDisable
 .text.GIE_voidEnable
                0x00001d40       0x1c ./GIE_program.o
                0x00001d40                GIE_voidEnable
 .text.GIE_voidDisable
                0x00001d5c       0x1c ./GIE_program.o
                0x00001d5c                GIE_voidDisable
 .text.LCD_voidSendCommand
                0x00001d78      0x162 ./LCD_PROGRAM.o
                0x00001d78                LCD_voidSendCommand
 .text.LCD_voidInit
                0x00001eda      0x11c ./LCD_PROGRAM.o
                0x00001eda                LCD_voidInit
 .text.LCD_voidSendData
                0x00001ff6      0x13c ./LCD_PROGRAM.o
                0x00001ff6                LCD_voidSendData
 .text.LCD_voidSendString
                0x00002132       0x52 ./LCD_PROGRAM.o
                0x00002132                LCD_voidSendString
 .text.LCD_voidGoToXY
                0x00002184       0x3c ./LCD_PROGRAM.o
                0x00002184                LCD_voidGoToXY
 .text.LCD_voidWriteNumber
                0x000021c0       0xe6 ./LCD_PROGRAM.o
                0x000021c0                LCD_voidWriteNumber
 .text.LCD_voidClearScreen
                0x000022a6       0x14 ./LCD_PROGRAM.o
                0x000022a6                LCD_voidClearScreen
 .text.SPI_voidINITMaster
                0x000022ba       0x86 ./SPI_PROGRAM.o
                0x000022ba                SPI_voidINITMaster
 .text.SPI_voidINITSlave
                0x00002340       0x5c ./SPI_PROGRAM.o
                0x00002340                SPI_voidINITSlave
 .text.SPI_u8Transceive
                0x0000239c       0x2c ./SPI_PROGRAM.o
                0x0000239c                SPI_u8Transceive
 .text.TIMER0_voidOfInit
                0x000023c8       0x62 ./TIMER_PROGRAM.o
                0x000023c8                TIMER0_voidOfInit
 .text.TIMER0_voidCtcInit
                0x0000242a       0x62 ./TIMER_PROGRAM.o
                0x0000242a                TIMER0_voidCtcInit
 .text.TIMER0_voidPWMFastInit
                0x0000248c       0x70 ./TIMER_PROGRAM.o
                0x0000248c                TIMER0_voidPWMFastInit
 .text.TIMER0_voidCtcValue
                0x000024fc       0x1c ./TIMER_PROGRAM.o
                0x000024fc                TIMER0_voidCtcValue
 .text.TIMER0_voidPreLoadValue
                0x00002518       0x1c ./TIMER_PROGRAM.o
                0x00002518                TIMER0_voidPreLoadValue
 .text.TWI_voidMasterInit
                0x00002534       0x3a ./TWI_program.o
                0x00002534                TWI_voidMasterInit
 .text.TWI_voidStartCondition
                0x0000256e       0x20 ./TWI_program.o
                0x0000256e                TWI_voidStartCondition
 .text.TWI_voidStopCondition
                0x0000258e       0x16 ./TWI_program.o
                0x0000258e                TWI_voidStopCondition
 .text.TWI_voidSendData
                0x000025a4       0x2e ./TWI_program.o
                0x000025a4                TWI_voidSendData
 .text.TWI_u8ReceiveData
                0x000025d2       0x26 ./TWI_program.o
                0x000025d2                TWI_u8ReceiveData
 .text.xCoRoutineCreate
                0x000025f8      0x128 ./croutine.o
                0x000025f8                xCoRoutineCreate
 .text.vCoRoutineAddToDelayedList
                0x00002720       0xc2 ./croutine.o
                0x00002720                vCoRoutineAddToDelayedList
 .text.prvCheckPendingReadyList
                0x000027e2       0x94 ./croutine.o
 .text.prvCheckDelayedList
                0x00002876      0x15c ./croutine.o
 .text.vCoRoutineSchedule
                0x000029d2       0xf4 ./croutine.o
                0x000029d2                vCoRoutineSchedule
 .text.prvInitialiseCoRoutineLists
                0x00002ac6       0x72 ./croutine.o
 .text.xCoRoutineRemoveFromEventList
                0x00002b38       0x70 ./croutine.o
                0x00002b38                xCoRoutineRemoveFromEventList
 .text.pvPortMalloc
                0x00002ba8       0x8c ./heap_1.o
                0x00002ba8                pvPortMalloc
 .text.vPortFree
                0x00002c34       0x18 ./heap_1.o
                0x00002c34                vPortFree
 .text.vPortInitialiseBlocks
                0x00002c4c       0x16 ./heap_1.o
                0x00002c4c                vPortInitialiseBlocks
 .text.xPortGetFreeHeapSize
                0x00002c62       0x1e ./heap_1.o
                0x00002c62                xPortGetFreeHeapSize
 .text.TWI_MasterInit
                0x00002c80       0x3a ./i2c.o
                0x00002c80                TWI_MasterInit
 .text.TWI_Start
                0x00002cba       0x20 ./i2c.o
                0x00002cba                TWI_Start
 .text.TWI_Stop
                0x00002cda       0x16 ./i2c.o
                0x00002cda                TWI_Stop
 .text.TWI_Send
                0x00002cf0       0x2e ./i2c.o
                0x00002cf0                TWI_Send
 .text.TWI_Receive
                0x00002d1e       0x26 ./i2c.o
                0x00002d1e                TWI_Receive
 .text.KPD_INIT
                0x00002d44       0x5c ./keypad.o
                0x00002d44                KPD_INIT
 .text.KPD_u8GetPressedKey
                0x00002da0       0xf0 ./keypad.o
                0x00002da0                KPD_u8GetPressedKey
 .text.vListInitialise
                0x00002e90       0x54 ./list.o
                0x00002e90                vListInitialise
 .text.vListInitialiseItem
                0x00002ee4       0x20 ./list.o
                0x00002ee4                vListInitialiseItem
 .text.vListInsertEnd
                0x00002f04       0x98 ./list.o
                0x00002f04                vListInsertEnd
 .text.vListInsert
                0x00002f9c       0xd8 ./list.o
                0x00002f9c                vListInsert
 .text.vListRemove
                0x00003074       0x92 ./list.o
                0x00003074                vListRemove
 .text.main     0x00003106      0x3b6 ./main.o
                0x00003106                main
 .text.ROOM_OPTIONS
                0x000034bc      0x14e ./mainconfig.o
                0x000034bc                ROOM_OPTIONS
 .text.Options  0x0000360a       0x62 ./mainconfig.o
                0x0000360a                Options
 .text.pxPortInitialiseStack
                0x0000366c      0x306 ./port.o
                0x0000366c                pxPortInitialiseStack
 .text.xPortStartScheduler
                0x00003972       0x6a ./port.o
                0x00003972                xPortStartScheduler
 .text.vPortEndScheduler
                0x000039dc        0xe ./port.o
                0x000039dc                vPortEndScheduler
 .text.vPortYield
                0x000039ea       0xb2 ./port.o
                0x000039ea                vPortYield
 .text.vPortYieldFromTick
                0x00003a9c       0xb6 ./port.o
                0x00003a9c                vPortYieldFromTick
 .text.prvSetupTimerInterrupt
                0x00003b52       0xb8 ./port.o
 .text.__vector_7
                0x00003c0a        0x6 ./port.o
                0x00003c0a                __vector_7
 .text.xQueueCreate
                0x00003c10      0x152 ./queue.o
                0x00003c10                xQueueCreate
 .text.xQueueGenericSend
                0x00003d62      0x13c ./queue.o
                0x00003d62                xQueueGenericSend
 .text.xQueueGenericSendFromISR
                0x00003e9e       0x9a ./queue.o
                0x00003e9e                xQueueGenericSendFromISR
 .text.xQueueGenericReceive
                0x00003f38      0x180 ./queue.o
                0x00003f38                xQueueGenericReceive
 .text.xQueueReceiveFromISR
                0x000040b8       0x9e ./queue.o
                0x000040b8                xQueueReceiveFromISR
 .text.uxQueueMessagesWaiting
                0x00004156       0x30 ./queue.o
                0x00004156                uxQueueMessagesWaiting
 .text.uxQueueMessagesWaitingFromISR
                0x00004186       0x26 ./queue.o
                0x00004186                uxQueueMessagesWaitingFromISR
 .text.vQueueDelete
                0x000041ac       0x2c ./queue.o
                0x000041ac                vQueueDelete
 .text.prvCopyDataToQueue
                0x000041d8      0x12a ./queue.o
 .text.prvCopyDataFromQueue
                0x00004302       0x90 ./queue.o
 .text.prvUnlockQueue
                0x00004392       0xa8 ./queue.o
 .text.prvIsQueueEmpty
                0x0000443a       0x38 ./queue.o
 .text.xQueueIsQueueEmptyFromISR
                0x00004472       0x2e ./queue.o
                0x00004472                xQueueIsQueueEmptyFromISR
 .text.prvIsQueueFull
                0x000044a0       0x3e ./queue.o
 .text.xQueueIsQueueFullFromISR
                0x000044de       0x34 ./queue.o
                0x000044de                xQueueIsQueueFullFromISR
 .text.spi_masterinit
                0x00004512       0x16 ./spislave.o
                0x00004512                spi_masterinit
 .text.spi_slaveinit
                0x00004528       0x16 ./spislave.o
                0x00004528                spi_slaveinit
 .text.spi_transmit
                0x0000453e       0x26 ./spislave.o
                0x0000453e                spi_transmit
 .text.spi_receive
                0x00004564       0x1e ./spislave.o
                0x00004564                spi_receive
 .text.xTaskGenericCreate
                0x00004582      0x1da ./tasks.o
                0x00004582                xTaskGenericCreate
 .text.vTaskDelete
                0x0000475c       0xc6 ./tasks.o
                0x0000475c                vTaskDelete
 .text.vTaskDelayUntil
                0x00004822       0xe8 ./tasks.o
                0x00004822                vTaskDelayUntil
 .text.vTaskDelay
                0x0000490a       0x6a ./tasks.o
                0x0000490a                vTaskDelay
 .text.vTaskStartScheduler
                0x00004974       0x6e ./tasks.o
                0x00004974                vTaskStartScheduler
 .text.vTaskEndScheduler
                0x000049e2       0x18 ./tasks.o
                0x000049e2                vTaskEndScheduler
 .text.vTaskSuspendAll
                0x000049fa       0x18 ./tasks.o
                0x000049fa                vTaskSuspendAll
 .text.xTaskResumeAll
                0x00004a12      0x114 ./tasks.o
                0x00004a12                xTaskResumeAll
 .text.xTaskGetTickCount
                0x00004b26       0x2e ./tasks.o
                0x00004b26                xTaskGetTickCount
 .text.xTaskGetTickCountFromISR
                0x00004b54       0x2a ./tasks.o
                0x00004b54                xTaskGetTickCountFromISR
 .text.uxTaskGetNumberOfTasks
                0x00004b7e       0x12 ./tasks.o
                0x00004b7e                uxTaskGetNumberOfTasks
 .text.vTaskIncrementTick
                0x00004b90      0x1aa ./tasks.o
                0x00004b90                vTaskIncrementTick
 .text.vTaskSwitchContext
                0x00004d3a       0xcc ./tasks.o
                0x00004d3a                vTaskSwitchContext
 .text.vTaskPlaceOnEventList
                0x00004e06       0x6c ./tasks.o
                0x00004e06                vTaskPlaceOnEventList
 .text.xTaskRemoveFromEventList
                0x00004e72       0xd0 ./tasks.o
                0x00004e72                xTaskRemoveFromEventList
 .text.vTaskSetTimeOutState
                0x00004f42       0x32 ./tasks.o
                0x00004f42                vTaskSetTimeOutState
 .text.xTaskCheckForTimeOut
                0x00004f74       0xba ./tasks.o
                0x00004f74                xTaskCheckForTimeOut
 .text.vTaskMissedYield
                0x0000502e       0x14 ./tasks.o
                0x0000502e                vTaskMissedYield
 .text.prvIdleTask
                0x00005042       0x14 ./tasks.o
 .text.prvInitialiseTCBVariables
                0x00005056       0xae ./tasks.o
 .text.prvInitialiseTaskLists
                0x00005104       0x7a ./tasks.o
 .text.prvCheckTasksWaitingTermination
                0x0000517e       0x7c ./tasks.o
 .text.prvAddCurrentTaskToDelayedList
                0x000051fa       0x92 ./tasks.o
 .text.prvAllocateTCBAndStack
                0x0000528c       0xa0 ./tasks.o
 .text.prvDeleteTCB
                0x0000532c       0x2c ./tasks.o
 .text.libgcc   0x00005358       0x44 f:/embeded/iti/avr/ec/eclipse/winavr/bin/../lib/gcc/avr/4.3.3/avr5\libgcc.a(_udivmodsi4.o)
                0x00005358                __udivmodsi4
 .text.libgcc   0x0000539c        0x0 f:/embeded/iti/avr/ec/eclipse/winavr/bin/../lib/gcc/avr/4.3.3/avr5\libgcc.a(_exit.o)
 .text.libgcc   0x0000539c        0x0 f:/embeded/iti/avr/ec/eclipse/winavr/bin/../lib/gcc/avr/4.3.3/avr5\libgcc.a(_copy_data.o)
 .text.libgcc   0x0000539c        0x0 f:/embeded/iti/avr/ec/eclipse/winavr/bin/../lib/gcc/avr/4.3.3/avr5\libgcc.a(_clear_bss.o)
 .text.libgcc   0x0000539c       0x38 f:/embeded/iti/avr/ec/eclipse/winavr/bin/../lib/gcc/avr/4.3.3/avr5\libgcc.a(_prologue.o)
                0x0000539c                __prologue_saves__
 .text.libgcc   0x000053d4       0x36 f:/embeded/iti/avr/ec/eclipse/winavr/bin/../lib/gcc/avr/4.3.3/avr5\libgcc.a(_epilogue.o)
                0x000053d4                __epilogue_restores__
 .text.avr-libc
                0x0000540a       0x12 f:/embeded/iti/avr/ec/eclipse/winavr/bin/../lib/gcc/avr/4.3.3/../../../../avr/lib/avr5\libc.a(memcpy.o)
                0x0000540a                memcpy
 .text.avr-libc
                0x0000541c        0xe f:/embeded/iti/avr/ec/eclipse/winavr/bin/../lib/gcc/avr/4.3.3/../../../../avr/lib/avr5\libc.a(memset.o)
                0x0000541c                memset
 .text.avr-libc
                0x0000542a       0x1e f:/embeded/iti/avr/ec/eclipse/winavr/bin/../lib/gcc/avr/4.3.3/../../../../avr/lib/avr5\libc.a(strncpy.o)
                0x0000542a                strncpy
                0x00005448                . = ALIGN (0x2)
 *(.fini9)
 .fini9         0x00005448        0x0 f:/embeded/iti/avr/ec/eclipse/winavr/bin/../lib/gcc/avr/4.3.3/avr5\libgcc.a(_exit.o)
                0x00005448                exit
                0x00005448                _exit
 *(.fini9)
 *(.fini8)
 *(.fini8)
 *(.fini7)
 *(.fini7)
 *(.fini6)
 *(.fini6)
 *(.fini5)
 *(.fini5)
 *(.fini4)
 *(.fini4)
 *(.fini3)
 *(.fini3)
 *(.fini2)
 *(.fini2)
 *(.fini1)
 *(.fini1)
 *(.fini0)
 .fini0         0x00005448        0x4 f:/embeded/iti/avr/ec/eclipse/winavr/bin/../lib/gcc/avr/4.3.3/avr5\libgcc.a(_exit.o)
 *(.fini0)
                0x0000544c                _etext = .

.data           0x00800060       0xca load address 0x0000544c
                0x00800060                PROVIDE (__data_start, .)
 *(.data)
 .data          0x00800060        0x0 f:/embeded/iti/avr/ec/eclipse/winavr/bin/../lib/gcc/avr/4.3.3/../../../../avr/lib/avr5/crtm16.o
 .data          0x00800060        0x0 ./ADC_program.o
 .data          0x00800060        0x0 ./CLCD.program.o
 .data          0x00800060        0x0 ./DIO_program.o
 .data          0x00800060        0x0 ./EEPROM.o
 .data          0x00800060        0x0 ./EEPROM_program.o
 .data          0x00800060        0x0 ./EXTI_program.o
 .data          0x00800060        0x0 ./GIE_program.o
 .data          0x00800060        0x0 ./LCD_PROGRAM.o
 .data          0x00800060        0x0 ./SPI_PROGRAM.o
 .data          0x00800060        0x0 ./TIMER_PROGRAM.o
 .data          0x00800060        0x0 ./TWI_program.o
 .data          0x00800060        0x0 ./croutine.o
 .data          0x00800060        0x0 ./heap_1.o
 .data          0x00800060        0x0 ./i2c.o
 .data          0x00800060        0x0 ./keypad.o
 .data          0x00800060        0x0 ./list.o
 .data          0x00800060       0x55 ./main.o
 .data          0x008000b5       0x3a ./mainconfig.o
 .data          0x008000ef        0x0 ./port.o
 .data          0x008000ef        0x0 ./queue.o
 .data          0x008000ef        0x0 ./spislave.o
 .data          0x008000ef        0x5 ./tasks.o
 .data          0x008000f4        0x0 ./timers.o
 .data          0x008000f4        0x0 f:/embeded/iti/avr/ec/eclipse/winavr/bin/../lib/gcc/avr/4.3.3/avr5\libgcc.a(_udivmodsi4.o)
 .data          0x008000f4        0x0 f:/embeded/iti/avr/ec/eclipse/winavr/bin/../lib/gcc/avr/4.3.3/avr5\libgcc.a(_exit.o)
 .data          0x008000f4        0x0 f:/embeded/iti/avr/ec/eclipse/winavr/bin/../lib/gcc/avr/4.3.3/avr5\libgcc.a(_copy_data.o)
 .data          0x008000f4        0x0 f:/embeded/iti/avr/ec/eclipse/winavr/bin/../lib/gcc/avr/4.3.3/avr5\libgcc.a(_clear_bss.o)
 .data          0x008000f4        0x0 f:/embeded/iti/avr/ec/eclipse/winavr/bin/../lib/gcc/avr/4.3.3/avr5\libgcc.a(_fixunssfsi.o)
 .data          0x008000f4        0x0 f:/embeded/iti/avr/ec/eclipse/winavr/bin/../lib/gcc/avr/4.3.3/avr5\libgcc.a(_addsub_sf.o)
 .data          0x008000f4        0x0 f:/embeded/iti/avr/ec/eclipse/winavr/bin/../lib/gcc/avr/4.3.3/avr5\libgcc.a(_mul_sf.o)
 .data          0x008000f4        0x0 f:/embeded/iti/avr/ec/eclipse/winavr/bin/../lib/gcc/avr/4.3.3/avr5\libgcc.a(_gt_sf.o)
 .data          0x008000f4        0x0 f:/embeded/iti/avr/ec/eclipse/winavr/bin/../lib/gcc/avr/4.3.3/avr5\libgcc.a(_ge_sf.o)
 .data          0x008000f4        0x0 f:/embeded/iti/avr/ec/eclipse/winavr/bin/../lib/gcc/avr/4.3.3/avr5\libgcc.a(_lt_sf.o)
 .data          0x008000f4        0x0 f:/embeded/iti/avr/ec/eclipse/winavr/bin/../lib/gcc/avr/4.3.3/avr5\libgcc.a(_sf_to_si.o)
 .data          0x008000f4        0x8 f:/embeded/iti/avr/ec/eclipse/winavr/bin/../lib/gcc/avr/4.3.3/avr5\libgcc.a(_thenan_sf.o)
                0x008000f4                __thenan_sf
 .data          0x008000fc        0x0 f:/embeded/iti/avr/ec/eclipse/winavr/bin/../lib/gcc/avr/4.3.3/avr5\libgcc.a(_prologue.o)
 .data          0x008000fc        0x0 f:/embeded/iti/avr/ec/eclipse/winavr/bin/../lib/gcc/avr/4.3.3/avr5\libgcc.a(_epilogue.o)
 .data          0x008000fc        0x0 f:/embeded/iti/avr/ec/eclipse/winavr/bin/../lib/gcc/avr/4.3.3/avr5\libgcc.a(_pack_sf.o)
 .data          0x008000fc        0x0 f:/embeded/iti/avr/ec/eclipse/winavr/bin/../lib/gcc/avr/4.3.3/avr5\libgcc.a(_unpack_sf.o)
 .data          0x008000fc        0x0 f:/embeded/iti/avr/ec/eclipse/winavr/bin/../lib/gcc/avr/4.3.3/avr5\libgcc.a(_fpcmp_parts_sf.o)
 .data          0x008000fc        0x0 f:/embeded/iti/avr/ec/eclipse/winavr/bin/../lib/gcc/avr/4.3.3/../../../../avr/lib/avr5\libc.a(memcpy.o)
 .data          0x008000fc        0x0 f:/embeded/iti/avr/ec/eclipse/winavr/bin/../lib/gcc/avr/4.3.3/../../../../avr/lib/avr5\libc.a(memset.o)
 .data          0x008000fc        0x0 f:/embeded/iti/avr/ec/eclipse/winavr/bin/../lib/gcc/avr/4.3.3/../../../../avr/lib/avr5\libc.a(strncpy.o)
 *(.data*)
 .data.Local_ArrayOfChar.1367
                0x008000fc        0xa ./CLCD.program.o
 .data.Local_ArrayOfChar.1364
                0x00800106        0xa ./LCD_PROGRAM.o
 .data.Local_u8rowarray.1254
                0x00800110        0x4 ./keypad.o
 .data.Local_u8colarray.1253
                0x00800114        0x3 ./keypad.o
 .data.Local_u8KPDArr.1252
                0x00800117        0xc ./keypad.o
 .data.pass     0x00800123        0x4 ./main.o
                0x00800123                pass
 .data.xNextTaskUnblockTime
                0x00800127        0x2 ./tasks.o
 *(.rodata)
 *(.rodata*)
 *(.gnu.linkonce.d*)
                0x0080012a                . = ALIGN (0x2)
 *fill*         0x00800129        0x1 00
                0x0080012a                _edata = .
                0x0080012a                PROVIDE (__data_end, .)

.bss            0x0080012a      0x68f
                0x0080012a                PROVIDE (__bss_start, .)
 *(.bss)
 .bss           0x0080012a        0x0 f:/embeded/iti/avr/ec/eclipse/winavr/bin/../lib/gcc/avr/4.3.3/../../../../avr/lib/avr5/crtm16.o
 .bss           0x0080012a        0x0 ./ADC_program.o
 .bss           0x0080012a        0x0 ./CLCD.program.o
 .bss           0x0080012a        0x0 ./DIO_program.o
 .bss           0x0080012a        0x0 ./EEPROM.o
 .bss           0x0080012a        0x0 ./EEPROM_program.o
 .bss           0x0080012a        0x0 ./EXTI_program.o
 .bss           0x0080012a        0x0 ./GIE_program.o
 .bss           0x0080012a        0x0 ./LCD_PROGRAM.o
 .bss           0x0080012a        0x0 ./SPI_PROGRAM.o
 .bss           0x0080012a        0x0 ./TIMER_PROGRAM.o
 .bss           0x0080012a        0x0 ./TWI_program.o
 .bss           0x0080012a        0x0 ./croutine.o
 .bss           0x0080012a        0x0 ./heap_1.o
 .bss           0x0080012a        0x0 ./i2c.o
 .bss           0x0080012a        0x0 ./keypad.o
 .bss           0x0080012a        0x0 ./list.o
 .bss           0x0080012a        0x0 ./main.o
 .bss           0x0080012a        0x0 ./mainconfig.o
 .bss           0x0080012a        0x0 ./port.o
 .bss           0x0080012a        0x0 ./queue.o
 .bss           0x0080012a        0x0 ./spislave.o
 .bss           0x0080012a        0x0 ./tasks.o
 .bss           0x0080012a        0x0 ./timers.o
 .bss           0x0080012a        0x0 f:/embeded/iti/avr/ec/eclipse/winavr/bin/../lib/gcc/avr/4.3.3/avr5\libgcc.a(_udivmodsi4.o)
 .bss           0x0080012a        0x0 f:/embeded/iti/avr/ec/eclipse/winavr/bin/../lib/gcc/avr/4.3.3/avr5\libgcc.a(_exit.o)
 .bss           0x0080012a        0x0 f:/embeded/iti/avr/ec/eclipse/winavr/bin/../lib/gcc/avr/4.3.3/avr5\libgcc.a(_copy_data.o)
 .bss           0x0080012a        0x0 f:/embeded/iti/avr/ec/eclipse/winavr/bin/../lib/gcc/avr/4.3.3/avr5\libgcc.a(_clear_bss.o)
 .bss           0x0080012a        0x0 f:/embeded/iti/avr/ec/eclipse/winavr/bin/../lib/gcc/avr/4.3.3/avr5\libgcc.a(_fixunssfsi.o)
 .bss           0x0080012a        0x0 f:/embeded/iti/avr/ec/eclipse/winavr/bin/../lib/gcc/avr/4.3.3/avr5\libgcc.a(_addsub_sf.o)
 .bss           0x0080012a        0x0 f:/embeded/iti/avr/ec/eclipse/winavr/bin/../lib/gcc/avr/4.3.3/avr5\libgcc.a(_mul_sf.o)
 .bss           0x0080012a        0x0 f:/embeded/iti/avr/ec/eclipse/winavr/bin/../lib/gcc/avr/4.3.3/avr5\libgcc.a(_gt_sf.o)
 .bss           0x0080012a        0x0 f:/embeded/iti/avr/ec/eclipse/winavr/bin/../lib/gcc/avr/4.3.3/avr5\libgcc.a(_ge_sf.o)
 .bss           0x0080012a        0x0 f:/embeded/iti/avr/ec/eclipse/winavr/bin/../lib/gcc/avr/4.3.3/avr5\libgcc.a(_lt_sf.o)
 .bss           0x0080012a        0x0 f:/embeded/iti/avr/ec/eclipse/winavr/bin/../lib/gcc/avr/4.3.3/avr5\libgcc.a(_sf_to_si.o)
 .bss           0x0080012a        0x0 f:/embeded/iti/avr/ec/eclipse/winavr/bin/../lib/gcc/avr/4.3.3/avr5\libgcc.a(_thenan_sf.o)
 .bss           0x0080012a        0x0 f:/embeded/iti/avr/ec/eclipse/winavr/bin/../lib/gcc/avr/4.3.3/avr5\libgcc.a(_prologue.o)
 .bss           0x0080012a        0x0 f:/embeded/iti/avr/ec/eclipse/winavr/bin/../lib/gcc/avr/4.3.3/avr5\libgcc.a(_epilogue.o)
 .bss           0x0080012a        0x0 f:/embeded/iti/avr/ec/eclipse/winavr/bin/../lib/gcc/avr/4.3.3/avr5\libgcc.a(_pack_sf.o)
 .bss           0x0080012a        0x0 f:/embeded/iti/avr/ec/eclipse/winavr/bin/../lib/gcc/avr/4.3.3/avr5\libgcc.a(_unpack_sf.o)
 .bss           0x0080012a        0x0 f:/embeded/iti/avr/ec/eclipse/winavr/bin/../lib/gcc/avr/4.3.3/avr5\libgcc.a(_fpcmp_parts_sf.o)
 .bss           0x0080012a        0x0 f:/embeded/iti/avr/ec/eclipse/winavr/bin/../lib/gcc/avr/4.3.3/../../../../avr/lib/avr5\libc.a(memcpy.o)
 .bss           0x0080012a        0x0 f:/embeded/iti/avr/ec/eclipse/winavr/bin/../lib/gcc/avr/4.3.3/../../../../avr/lib/avr5\libc.a(memset.o)
 .bss           0x0080012a        0x0 f:/embeded/iti/avr/ec/eclipse/winavr/bin/../lib/gcc/avr/4.3.3/../../../../avr/lib/avr5\libc.a(strncpy.o)
 *(.bss*)
 .bss.Local_ArrayOfDigits.1368
                0x0080012a        0xa ./CLCD.program.o
 .bss.Local_ArrayOfDigits.1365
                0x00800134        0xa ./LCD_PROGRAM.o
 .bss.pxCurrentCoRoutine
                0x0080013e        0x2 ./croutine.o
                0x0080013e                pxCurrentCoRoutine
 .bss.uxTopCoRoutineReadyPriority
                0x00800140        0x1 ./croutine.o
 .bss.xCoRoutineTickCount
                0x00800141        0x2 ./croutine.o
 .bss.xLastTickCount
                0x00800143        0x2 ./croutine.o
 .bss.xPassedTicks
                0x00800145        0x2 ./croutine.o
 .bss.pxReadyCoRoutineLists
                0x00800147       0x12 ./croutine.o
 .bss.xDelayedCoRoutineList1
                0x00800159        0x9 ./croutine.o
 .bss.xDelayedCoRoutineList2
                0x00800162        0x9 ./croutine.o
 .bss.pxDelayedCoRoutineList
                0x0080016b        0x2 ./croutine.o
 .bss.pxOverflowDelayedCoRoutineList
                0x0080016d        0x2 ./croutine.o
 .bss.xPendingReadyCoRoutineList
                0x0080016f        0x9 ./croutine.o
 .bss.xNextFreeByte
                0x00800178        0x2 ./heap_1.o
 .bss.xHeap     0x0080017a      0x5dc ./heap_1.o
 .bss.pxCurrentTCB
                0x00800756        0x2 ./tasks.o
                0x00800756                pxCurrentTCB
 .bss.uxTasksDeleted
                0x00800758        0x1 ./tasks.o
 .bss.uxCurrentNumberOfTasks
                0x00800759        0x1 ./tasks.o
 .bss.xTickCount
                0x0080075a        0x2 ./tasks.o
 .bss.uxTopUsedPriority
                0x0080075c        0x1 ./tasks.o
 .bss.uxTopReadyPriority
                0x0080075d        0x1 ./tasks.o
 .bss.xSchedulerRunning
                0x0080075e        0x1 ./tasks.o
 .bss.uxSchedulerSuspended
                0x0080075f        0x1 ./tasks.o
 .bss.uxMissedTicks
                0x00800760        0x1 ./tasks.o
 .bss.xMissedYield
                0x00800761        0x1 ./tasks.o
 .bss.xNumOfOverflows
                0x00800762        0x1 ./tasks.o
 .bss.uxTaskNumber
                0x00800763        0x1 ./tasks.o
 .bss.pxReadyTasksLists
                0x00800764       0x2d ./tasks.o
 .bss.xDelayedTaskList1
                0x00800791        0x9 ./tasks.o
 .bss.xDelayedTaskList2
                0x0080079a        0x9 ./tasks.o
 .bss.pxDelayedTaskList
                0x008007a3        0x2 ./tasks.o
 .bss.pxOverflowDelayedTaskList
                0x008007a5        0x2 ./tasks.o
 .bss.xPendingReadyList
                0x008007a7        0x9 ./tasks.o
 .bss.xTasksWaitingTermination
                0x008007b0        0x9 ./tasks.o
 *(COMMON)
                0x008007b9                PROVIDE (__bss_end, .)
                0x0000544c                __data_load_start = LOADADDR (.data)
                0x00005516                __data_load_end = (__data_load_start + SIZEOF (.data))

.noinit         0x008007b9        0x0
                0x008007b9                PROVIDE (__noinit_start, .)
 *(.noinit*)
                0x008007b9                PROVIDE (__noinit_end, .)
                0x008007b9                _end = .
                0x008007b9                PROVIDE (__heap_start, .)

.eeprom         0x00810000        0x0
 *(.eeprom*)
                0x00810000                __eeprom_end = .

.fuse
 *(.fuse)
 *(.lfuse)
 *(.hfuse)
 *(.efuse)

.lock
 *(.lock*)

.signature
 *(.signature*)

.stab           0x00000000     0x7d28
 *(.stab)
 .stab          0x00000000      0x264 ./ADC_program.o
 .stab          0x00000264      0x918 ./CLCD.program.o
                                0x9b4 (size before relaxing)
 .stab          0x00000b7c      0x798 ./DIO_program.o
                                0x9b4 (size before relaxing)
 .stab          0x00001314      0x2ac ./EEPROM.o
                                0x4f8 (size before relaxing)
 .stab          0x000015c0      0x270 ./EEPROM_program.o
                                0x30c (size before relaxing)
 .stab          0x00001830      0x3f0 ./EXTI_program.o
                                0x63c (size before relaxing)
 .stab          0x00001c20      0x18c ./GIE_program.o
                                0x3e4 (size before relaxing)
 .stab          0x00001dac      0x6f0 ./LCD_PROGRAM.o
                                0x918 (size before relaxing)
 .stab          0x0000249c      0x24c ./SPI_PROGRAM.o
                                0x2e8 (size before relaxing)
 .stab          0x000026e8      0x2e8 ./TIMER_PROGRAM.o
                                0x534 (size before relaxing)
 .stab          0x000029d0      0x27c ./TWI_program.o
                                0x4c8 (size before relaxing)
 .stab          0x00002c4c      0x984 ./croutine.o
                                0xb40 (size before relaxing)
 .stab          0x000035d0      0x354 ./heap_1.o
                                0x624 (size before relaxing)
 .stab          0x00003924      0x27c ./i2c.o
                                0x4c8 (size before relaxing)
 .stab          0x00003ba0      0x330 ./keypad.o
                                0x57c (size before relaxing)
 .stab          0x00003ed0      0x474 ./list.o
                                0x750 (size before relaxing)
 .stab          0x00004344      0x570 ./main.o
                                0x7c8 (size before relaxing)
 .stab          0x000048b4      0x468 ./mainconfig.o
                                0x690 (size before relaxing)
 .stab          0x00004d1c      0x834 ./port.o
                                0xb70 (size before relaxing)
 .stab          0x00005550      0xe94 ./queue.o
                               0x11d0 (size before relaxing)
 .stab          0x000063e4      0x204 ./spislave.o
                                0x450 (size before relaxing)
 .stab          0x000065e8     0x1578 ./tasks.o
                               0x17d0 (size before relaxing)
 .stab          0x00007b60      0x1c8 ./timers.o
                                0x4c8 (size before relaxing)

.stabstr        0x00000000     0x36ba
 *(.stabstr)
 .stabstr       0x00000000     0x36ba ./ADC_program.o

.stab.excl
 *(.stab.excl)

.stab.exclstr
 *(.stab.exclstr)

.stab.index
 *(.stab.index)

.stab.indexstr
 *(.stab.indexstr)

.comment
 *(.comment)

.debug
 *(.debug)

.line
 *(.line)

.debug_srcinfo
 *(.debug_srcinfo)

.debug_sfnames
 *(.debug_sfnames)

.debug_aranges  0x00000000      0x140
 *(.debug_aranges)
 .debug_aranges
                0x00000000       0x20 f:/embeded/iti/avr/ec/eclipse/winavr/bin/../lib/gcc/avr/4.3.3/avr5\libgcc.a(_fixunssfsi.o)
 .debug_aranges
                0x00000020       0x20 f:/embeded/iti/avr/ec/eclipse/winavr/bin/../lib/gcc/avr/4.3.3/avr5\libgcc.a(_addsub_sf.o)
 .debug_aranges
                0x00000040       0x20 f:/embeded/iti/avr/ec/eclipse/winavr/bin/../lib/gcc/avr/4.3.3/avr5\libgcc.a(_mul_sf.o)
 .debug_aranges
                0x00000060       0x20 f:/embeded/iti/avr/ec/eclipse/winavr/bin/../lib/gcc/avr/4.3.3/avr5\libgcc.a(_gt_sf.o)
 .debug_aranges
                0x00000080       0x20 f:/embeded/iti/avr/ec/eclipse/winavr/bin/../lib/gcc/avr/4.3.3/avr5\libgcc.a(_ge_sf.o)
 .debug_aranges
                0x000000a0       0x20 f:/embeded/iti/avr/ec/eclipse/winavr/bin/../lib/gcc/avr/4.3.3/avr5\libgcc.a(_lt_sf.o)
 .debug_aranges
                0x000000c0       0x20 f:/embeded/iti/avr/ec/eclipse/winavr/bin/../lib/gcc/avr/4.3.3/avr5\libgcc.a(_sf_to_si.o)
 .debug_aranges
                0x000000e0       0x20 f:/embeded/iti/avr/ec/eclipse/winavr/bin/../lib/gcc/avr/4.3.3/avr5\libgcc.a(_pack_sf.o)
 .debug_aranges
                0x00000100       0x20 f:/embeded/iti/avr/ec/eclipse/winavr/bin/../lib/gcc/avr/4.3.3/avr5\libgcc.a(_unpack_sf.o)
 .debug_aranges
                0x00000120       0x20 f:/embeded/iti/avr/ec/eclipse/winavr/bin/../lib/gcc/avr/4.3.3/avr5\libgcc.a(_fpcmp_parts_sf.o)

.debug_pubnames
                0x00000000      0x170
 *(.debug_pubnames)
 .debug_pubnames
                0x00000000       0x23 f:/embeded/iti/avr/ec/eclipse/winavr/bin/../lib/gcc/avr/4.3.3/avr5\libgcc.a(_fixunssfsi.o)
 .debug_pubnames
                0x00000023       0x2c f:/embeded/iti/avr/ec/eclipse/winavr/bin/../lib/gcc/avr/4.3.3/avr5\libgcc.a(_addsub_sf.o)
 .debug_pubnames
                0x0000004f       0x1f f:/embeded/iti/avr/ec/eclipse/winavr/bin/../lib/gcc/avr/4.3.3/avr5\libgcc.a(_mul_sf.o)
 .debug_pubnames
                0x0000006e       0x1e f:/embeded/iti/avr/ec/eclipse/winavr/bin/../lib/gcc/avr/4.3.3/avr5\libgcc.a(_gt_sf.o)
 .debug_pubnames
                0x0000008c       0x1e f:/embeded/iti/avr/ec/eclipse/winavr/bin/../lib/gcc/avr/4.3.3/avr5\libgcc.a(_ge_sf.o)
 .debug_pubnames
                0x000000aa       0x1e f:/embeded/iti/avr/ec/eclipse/winavr/bin/../lib/gcc/avr/4.3.3/avr5\libgcc.a(_lt_sf.o)
 .debug_pubnames
                0x000000c8       0x20 f:/embeded/iti/avr/ec/eclipse/winavr/bin/../lib/gcc/avr/4.3.3/avr5\libgcc.a(_sf_to_si.o)
 .debug_pubnames
                0x000000e8       0x22 f:/embeded/iti/avr/ec/eclipse/winavr/bin/../lib/gcc/avr/4.3.3/avr5\libgcc.a(_thenan_sf.o)
 .debug_pubnames
                0x0000010a       0x1f f:/embeded/iti/avr/ec/eclipse/winavr/bin/../lib/gcc/avr/4.3.3/avr5\libgcc.a(_pack_sf.o)
 .debug_pubnames
                0x00000129       0x21 f:/embeded/iti/avr/ec/eclipse/winavr/bin/../lib/gcc/avr/4.3.3/avr5\libgcc.a(_unpack_sf.o)
 .debug_pubnames
                0x0000014a       0x26 f:/embeded/iti/avr/ec/eclipse/winavr/bin/../lib/gcc/avr/4.3.3/avr5\libgcc.a(_fpcmp_parts_sf.o)

.debug_info     0x00000000     0x1c49
 *(.debug_info)
 .debug_info    0x00000000       0xb1 f:/embeded/iti/avr/ec/eclipse/winavr/bin/../lib/gcc/avr/4.3.3/avr5\libgcc.a(_fixunssfsi.o)
 .debug_info    0x000000b1      0x47a f:/embeded/iti/avr/ec/eclipse/winavr/bin/../lib/gcc/avr/4.3.3/avr5\libgcc.a(_addsub_sf.o)
 .debug_info    0x0000052b      0x485 f:/embeded/iti/avr/ec/eclipse/winavr/bin/../lib/gcc/avr/4.3.3/avr5\libgcc.a(_mul_sf.o)
 .debug_info    0x000009b0      0x27f f:/embeded/iti/avr/ec/eclipse/winavr/bin/../lib/gcc/avr/4.3.3/avr5\libgcc.a(_gt_sf.o)
 .debug_info    0x00000c2f      0x27f f:/embeded/iti/avr/ec/eclipse/winavr/bin/../lib/gcc/avr/4.3.3/avr5\libgcc.a(_ge_sf.o)
 .debug_info    0x00000eae      0x27f f:/embeded/iti/avr/ec/eclipse/winavr/bin/../lib/gcc/avr/4.3.3/avr5\libgcc.a(_lt_sf.o)
 .debug_info    0x0000112d      0x2b0 f:/embeded/iti/avr/ec/eclipse/winavr/bin/../lib/gcc/avr/4.3.3/avr5\libgcc.a(_sf_to_si.o)
 .debug_info    0x000013dd      0x12c f:/embeded/iti/avr/ec/eclipse/winavr/bin/../lib/gcc/avr/4.3.3/avr5\libgcc.a(_thenan_sf.o)
 .debug_info    0x00001509      0x2df f:/embeded/iti/avr/ec/eclipse/winavr/bin/../lib/gcc/avr/4.3.3/avr5\libgcc.a(_pack_sf.o)
 .debug_info    0x000017e8      0x251 f:/embeded/iti/avr/ec/eclipse/winavr/bin/../lib/gcc/avr/4.3.3/avr5\libgcc.a(_unpack_sf.o)
 .debug_info    0x00001a39      0x210 f:/embeded/iti/avr/ec/eclipse/winavr/bin/../lib/gcc/avr/4.3.3/avr5\libgcc.a(_fpcmp_parts_sf.o)
 *(.gnu.linkonce.wi.*)

.debug_abbrev   0x00000000      0xeeb
 *(.debug_abbrev)
 .debug_abbrev  0x00000000       0x5d f:/embeded/iti/avr/ec/eclipse/winavr/bin/../lib/gcc/avr/4.3.3/avr5\libgcc.a(_fixunssfsi.o)
 .debug_abbrev  0x0000005d      0x1ea f:/embeded/iti/avr/ec/eclipse/winavr/bin/../lib/gcc/avr/4.3.3/avr5\libgcc.a(_addsub_sf.o)
 .debug_abbrev  0x00000247      0x21b f:/embeded/iti/avr/ec/eclipse/winavr/bin/../lib/gcc/avr/4.3.3/avr5\libgcc.a(_mul_sf.o)
 .debug_abbrev  0x00000462      0x15a f:/embeded/iti/avr/ec/eclipse/winavr/bin/../lib/gcc/avr/4.3.3/avr5\libgcc.a(_gt_sf.o)
 .debug_abbrev  0x000005bc      0x15a f:/embeded/iti/avr/ec/eclipse/winavr/bin/../lib/gcc/avr/4.3.3/avr5\libgcc.a(_ge_sf.o)
 .debug_abbrev  0x00000716      0x15a f:/embeded/iti/avr/ec/eclipse/winavr/bin/../lib/gcc/avr/4.3.3/avr5\libgcc.a(_lt_sf.o)
 .debug_abbrev  0x00000870      0x17f f:/embeded/iti/avr/ec/eclipse/winavr/bin/../lib/gcc/avr/4.3.3/avr5\libgcc.a(_sf_to_si.o)
 .debug_abbrev  0x000009ef       0xad f:/embeded/iti/avr/ec/eclipse/winavr/bin/../lib/gcc/avr/4.3.3/avr5\libgcc.a(_thenan_sf.o)
 .debug_abbrev  0x00000a9c      0x1c0 f:/embeded/iti/avr/ec/eclipse/winavr/bin/../lib/gcc/avr/4.3.3/avr5\libgcc.a(_pack_sf.o)
 .debug_abbrev  0x00000c5c      0x154 f:/embeded/iti/avr/ec/eclipse/winavr/bin/../lib/gcc/avr/4.3.3/avr5\libgcc.a(_unpack_sf.o)
 .debug_abbrev  0x00000db0      0x13b f:/embeded/iti/avr/ec/eclipse/winavr/bin/../lib/gcc/avr/4.3.3/avr5\libgcc.a(_fpcmp_parts_sf.o)

.debug_line     0x00000000      0xdad
 *(.debug_line)
 .debug_line    0x00000000       0xa7 f:/embeded/iti/avr/ec/eclipse/winavr/bin/../lib/gcc/avr/4.3.3/avr5\libgcc.a(_fixunssfsi.o)
 .debug_line    0x000000a7      0x2af f:/embeded/iti/avr/ec/eclipse/winavr/bin/../lib/gcc/avr/4.3.3/avr5\libgcc.a(_addsub_sf.o)
 .debug_line    0x00000356      0x239 f:/embeded/iti/avr/ec/eclipse/winavr/bin/../lib/gcc/avr/4.3.3/avr5\libgcc.a(_mul_sf.o)
 .debug_line    0x0000058f       0xd3 f:/embeded/iti/avr/ec/eclipse/winavr/bin/../lib/gcc/avr/4.3.3/avr5\libgcc.a(_gt_sf.o)
 .debug_line    0x00000662       0xd3 f:/embeded/iti/avr/ec/eclipse/winavr/bin/../lib/gcc/avr/4.3.3/avr5\libgcc.a(_ge_sf.o)
 .debug_line    0x00000735       0xd3 f:/embeded/iti/avr/ec/eclipse/winavr/bin/../lib/gcc/avr/4.3.3/avr5\libgcc.a(_lt_sf.o)
 .debug_line    0x00000808      0x109 f:/embeded/iti/avr/ec/eclipse/winavr/bin/../lib/gcc/avr/4.3.3/avr5\libgcc.a(_sf_to_si.o)
 .debug_line    0x00000911       0x90 f:/embeded/iti/avr/ec/eclipse/winavr/bin/../lib/gcc/avr/4.3.3/avr5\libgcc.a(_thenan_sf.o)
 .debug_line    0x000009a1      0x18a f:/embeded/iti/avr/ec/eclipse/winavr/bin/../lib/gcc/avr/4.3.3/avr5\libgcc.a(_pack_sf.o)
 .debug_line    0x00000b2b      0x14b f:/embeded/iti/avr/ec/eclipse/winavr/bin/../lib/gcc/avr/4.3.3/avr5\libgcc.a(_unpack_sf.o)
 .debug_line    0x00000c76      0x137 f:/embeded/iti/avr/ec/eclipse/winavr/bin/../lib/gcc/avr/4.3.3/avr5\libgcc.a(_fpcmp_parts_sf.o)

.debug_frame    0x00000000      0x160
 *(.debug_frame)
 .debug_frame   0x00000000       0x20 f:/embeded/iti/avr/ec/eclipse/winavr/bin/../lib/gcc/avr/4.3.3/avr5\libgcc.a(_fixunssfsi.o)
 .debug_frame   0x00000020       0x40 f:/embeded/iti/avr/ec/eclipse/winavr/bin/../lib/gcc/avr/4.3.3/avr5\libgcc.a(_addsub_sf.o)
 .debug_frame   0x00000060       0x20 f:/embeded/iti/avr/ec/eclipse/winavr/bin/../lib/gcc/avr/4.3.3/avr5\libgcc.a(_mul_sf.o)
 .debug_frame   0x00000080       0x20 f:/embeded/iti/avr/ec/eclipse/winavr/bin/../lib/gcc/avr/4.3.3/avr5\libgcc.a(_gt_sf.o)
 .debug_frame   0x000000a0       0x20 f:/embeded/iti/avr/ec/eclipse/winavr/bin/../lib/gcc/avr/4.3.3/avr5\libgcc.a(_ge_sf.o)
 .debug_frame   0x000000c0       0x20 f:/embeded/iti/avr/ec/eclipse/winavr/bin/../lib/gcc/avr/4.3.3/avr5\libgcc.a(_lt_sf.o)
 .debug_frame   0x000000e0       0x20 f:/embeded/iti/avr/ec/eclipse/winavr/bin/../lib/gcc/avr/4.3.3/avr5\libgcc.a(_sf_to_si.o)
 .debug_frame   0x00000100       0x20 f:/embeded/iti/avr/ec/eclipse/winavr/bin/../lib/gcc/avr/4.3.3/avr5\libgcc.a(_pack_sf.o)
 .debug_frame   0x00000120       0x20 f:/embeded/iti/avr/ec/eclipse/winavr/bin/../lib/gcc/avr/4.3.3/avr5\libgcc.a(_unpack_sf.o)
 .debug_frame   0x00000140       0x20 f:/embeded/iti/avr/ec/eclipse/winavr/bin/../lib/gcc/avr/4.3.3/avr5\libgcc.a(_fpcmp_parts_sf.o)

.debug_str      0x00000000      0x28d
 *(.debug_str)
 .debug_str     0x00000000       0xbf f:/embeded/iti/avr/ec/eclipse/winavr/bin/../lib/gcc/avr/4.3.3/avr5\libgcc.a(_fixunssfsi.o)
                                 0xfe (size before relaxing)
 .debug_str     0x000000bf      0x14d f:/embeded/iti/avr/ec/eclipse/winavr/bin/../lib/gcc/avr/4.3.3/avr5\libgcc.a(_addsub_sf.o)
                                0x206 (size before relaxing)
 .debug_str     0x0000020c       0x27 f:/embeded/iti/avr/ec/eclipse/winavr/bin/../lib/gcc/avr/4.3.3/avr5\libgcc.a(_mul_sf.o)
                                0x1bf (size before relaxing)
 .debug_str     0x00000233        0xf f:/embeded/iti/avr/ec/eclipse/winavr/bin/../lib/gcc/avr/4.3.3/avr5\libgcc.a(_gt_sf.o)
                                0x195 (size before relaxing)
 .debug_str     0x00000242        0x8 f:/embeded/iti/avr/ec/eclipse/winavr/bin/../lib/gcc/avr/4.3.3/avr5\libgcc.a(_ge_sf.o)
                                0x195 (size before relaxing)
 .debug_str     0x0000024a        0x8 f:/embeded/iti/avr/ec/eclipse/winavr/bin/../lib/gcc/avr/4.3.3/avr5\libgcc.a(_lt_sf.o)
                                0x195 (size before relaxing)
 .debug_str     0x00000252        0xa f:/embeded/iti/avr/ec/eclipse/winavr/bin/../lib/gcc/avr/4.3.3/avr5\libgcc.a(_sf_to_si.o)
                                0x19e (size before relaxing)
 .debug_str     0x00000000      0x103 f:/embeded/iti/avr/ec/eclipse/winavr/bin/../lib/gcc/avr/4.3.3/avr5\libgcc.a(_thenan_sf.o)
 .debug_str     0x0000025c       0x16 f:/embeded/iti/avr/ec/eclipse/winavr/bin/../lib/gcc/avr/4.3.3/avr5\libgcc.a(_pack_sf.o)
                                0x19d (size before relaxing)
 .debug_str     0x00000272        0xb f:/embeded/iti/avr/ec/eclipse/winavr/bin/../lib/gcc/avr/4.3.3/avr5\libgcc.a(_unpack_sf.o)
                                0x17f (size before relaxing)
 .debug_str     0x0000027d       0x10 f:/embeded/iti/avr/ec/eclipse/winavr/bin/../lib/gcc/avr/4.3.3/avr5\libgcc.a(_fpcmp_parts_sf.o)
                                0x163 (size before relaxing)

.debug_loc      0x00000000      0x7ce
 *(.debug_loc)
 .debug_loc     0x00000000       0x34 f:/embeded/iti/avr/ec/eclipse/winavr/bin/../lib/gcc/avr/4.3.3/avr5\libgcc.a(_fixunssfsi.o)
 .debug_loc     0x00000034      0x32a f:/embeded/iti/avr/ec/eclipse/winavr/bin/../lib/gcc/avr/4.3.3/avr5\libgcc.a(_addsub_sf.o)
 .debug_loc     0x0000035e      0x104 f:/embeded/iti/avr/ec/eclipse/winavr/bin/../lib/gcc/avr/4.3.3/avr5\libgcc.a(_mul_sf.o)
 .debug_loc     0x00000462       0x3c f:/embeded/iti/avr/ec/eclipse/winavr/bin/../lib/gcc/avr/4.3.3/avr5\libgcc.a(_gt_sf.o)
 .debug_loc     0x0000049e       0x3c f:/embeded/iti/avr/ec/eclipse/winavr/bin/../lib/gcc/avr/4.3.3/avr5\libgcc.a(_ge_sf.o)
 .debug_loc     0x000004da       0x3c f:/embeded/iti/avr/ec/eclipse/winavr/bin/../lib/gcc/avr/4.3.3/avr5\libgcc.a(_lt_sf.o)
 .debug_loc     0x00000516       0x7e f:/embeded/iti/avr/ec/eclipse/winavr/bin/../lib/gcc/avr/4.3.3/avr5\libgcc.a(_sf_to_si.o)
 .debug_loc     0x00000594      0x13e f:/embeded/iti/avr/ec/eclipse/winavr/bin/../lib/gcc/avr/4.3.3/avr5\libgcc.a(_pack_sf.o)
 .debug_loc     0x000006d2       0xac f:/embeded/iti/avr/ec/eclipse/winavr/bin/../lib/gcc/avr/4.3.3/avr5\libgcc.a(_unpack_sf.o)
 .debug_loc     0x0000077e       0x50 f:/embeded/iti/avr/ec/eclipse/winavr/bin/../lib/gcc/avr/4.3.3/avr5\libgcc.a(_fpcmp_parts_sf.o)

.debug_macinfo
 *(.debug_macinfo)
OUTPUT(MASTER_HOME.elf elf32-avr)
LOAD linker stubs

.debug_ranges   0x00000000       0x50
 .debug_ranges  0x00000000       0x50 f:/embeded/iti/avr/ec/eclipse/winavr/bin/../lib/gcc/avr/4.3.3/avr5\libgcc.a(_mul_sf.o)
